Archive member included to satisfy reference by file (symbol)

c:/new folder/stm32cubeide_1.10.1/stm32cubeide/plugins/com.st.stm32cube.ide.mcu.externaltools.gnu-tools-for-stm32.10.3-2021.10.win32_1.0.100.202210260954/tools/bin/../lib/gcc/arm-none-eabi/10.3.1/../../../../arm-none-eabi/lib/thumb/v7-m/nofp\libc_nano.a(lib_a-errno.o)
                              ./Core/Src/syscalls.o (__errno)
c:/new folder/stm32cubeide_1.10.1/stm32cubeide/plugins/com.st.stm32cube.ide.mcu.externaltools.gnu-tools-for-stm32.10.3-2021.10.win32_1.0.100.202210260954/tools/bin/../lib/gcc/arm-none-eabi/10.3.1/../../../../arm-none-eabi/lib/thumb/v7-m/nofp\libc_nano.a(lib_a-exit.o)
                              c:/new folder/stm32cubeide_1.10.1/stm32cubeide/plugins/com.st.stm32cube.ide.mcu.externaltools.gnu-tools-for-stm32.10.3-2021.10.win32_1.0.100.202210260954/tools/bin/../lib/gcc/arm-none-eabi/10.3.1/../../../../arm-none-eabi/lib/thumb/v7-m/nofp/crt0.o (exit)
c:/new folder/stm32cubeide_1.10.1/stm32cubeide/plugins/com.st.stm32cube.ide.mcu.externaltools.gnu-tools-for-stm32.10.3-2021.10.win32_1.0.100.202210260954/tools/bin/../lib/gcc/arm-none-eabi/10.3.1/../../../../arm-none-eabi/lib/thumb/v7-m/nofp\libc_nano.a(lib_a-impure.o)
                              c:/new folder/stm32cubeide_1.10.1/stm32cubeide/plugins/com.st.stm32cube.ide.mcu.externaltools.gnu-tools-for-stm32.10.3-2021.10.win32_1.0.100.202210260954/tools/bin/../lib/gcc/arm-none-eabi/10.3.1/../../../../arm-none-eabi/lib/thumb/v7-m/nofp\libc_nano.a(lib_a-exit.o) (_global_impure_ptr)
c:/new folder/stm32cubeide_1.10.1/stm32cubeide/plugins/com.st.stm32cube.ide.mcu.externaltools.gnu-tools-for-stm32.10.3-2021.10.win32_1.0.100.202210260954/tools/bin/../lib/gcc/arm-none-eabi/10.3.1/../../../../arm-none-eabi/lib/thumb/v7-m/nofp\libc_nano.a(lib_a-init.o)
                              c:/new folder/stm32cubeide_1.10.1/stm32cubeide/plugins/com.st.stm32cube.ide.mcu.externaltools.gnu-tools-for-stm32.10.3-2021.10.win32_1.0.100.202210260954/tools/bin/../lib/gcc/arm-none-eabi/10.3.1/../../../../arm-none-eabi/lib/thumb/v7-m/nofp/crt0.o (__libc_init_array)
c:/new folder/stm32cubeide_1.10.1/stm32cubeide/plugins/com.st.stm32cube.ide.mcu.externaltools.gnu-tools-for-stm32.10.3-2021.10.win32_1.0.100.202210260954/tools/bin/../lib/gcc/arm-none-eabi/10.3.1/../../../../arm-none-eabi/lib/thumb/v7-m/nofp\libc_nano.a(lib_a-memset.o)
                              c:/new folder/stm32cubeide_1.10.1/stm32cubeide/plugins/com.st.stm32cube.ide.mcu.externaltools.gnu-tools-for-stm32.10.3-2021.10.win32_1.0.100.202210260954/tools/bin/../lib/gcc/arm-none-eabi/10.3.1/../../../../arm-none-eabi/lib/thumb/v7-m/nofp/crt0.o (memset)

Discarded input sections

 .text          0x0000000000000000        0x0 c:/new folder/stm32cubeide_1.10.1/stm32cubeide/plugins/com.st.stm32cube.ide.mcu.externaltools.gnu-tools-for-stm32.10.3-2021.10.win32_1.0.100.202210260954/tools/bin/../lib/gcc/arm-none-eabi/10.3.1/thumb/v7-m/nofp/crti.o
 .data          0x0000000000000000        0x0 c:/new folder/stm32cubeide_1.10.1/stm32cubeide/plugins/com.st.stm32cube.ide.mcu.externaltools.gnu-tools-for-stm32.10.3-2021.10.win32_1.0.100.202210260954/tools/bin/../lib/gcc/arm-none-eabi/10.3.1/thumb/v7-m/nofp/crti.o
 .bss           0x0000000000000000        0x0 c:/new folder/stm32cubeide_1.10.1/stm32cubeide/plugins/com.st.stm32cube.ide.mcu.externaltools.gnu-tools-for-stm32.10.3-2021.10.win32_1.0.100.202210260954/tools/bin/../lib/gcc/arm-none-eabi/10.3.1/thumb/v7-m/nofp/crti.o
 .data          0x0000000000000000        0x4 c:/new folder/stm32cubeide_1.10.1/stm32cubeide/plugins/com.st.stm32cube.ide.mcu.externaltools.gnu-tools-for-stm32.10.3-2021.10.win32_1.0.100.202210260954/tools/bin/../lib/gcc/arm-none-eabi/10.3.1/thumb/v7-m/nofp/crtbegin.o
 .rodata        0x0000000000000000       0x24 c:/new folder/stm32cubeide_1.10.1/stm32cubeide/plugins/com.st.stm32cube.ide.mcu.externaltools.gnu-tools-for-stm32.10.3-2021.10.win32_1.0.100.202210260954/tools/bin/../lib/gcc/arm-none-eabi/10.3.1/thumb/v7-m/nofp/crtbegin.o
 .text          0x0000000000000000       0x7c c:/new folder/stm32cubeide_1.10.1/stm32cubeide/plugins/com.st.stm32cube.ide.mcu.externaltools.gnu-tools-for-stm32.10.3-2021.10.win32_1.0.100.202210260954/tools/bin/../lib/gcc/arm-none-eabi/10.3.1/../../../../arm-none-eabi/lib/thumb/v7-m/nofp/crt0.o
 .data          0x0000000000000000        0x0 c:/new folder/stm32cubeide_1.10.1/stm32cubeide/plugins/com.st.stm32cube.ide.mcu.externaltools.gnu-tools-for-stm32.10.3-2021.10.win32_1.0.100.202210260954/tools/bin/../lib/gcc/arm-none-eabi/10.3.1/../../../../arm-none-eabi/lib/thumb/v7-m/nofp/crt0.o
 .bss           0x0000000000000000        0x0 c:/new folder/stm32cubeide_1.10.1/stm32cubeide/plugins/com.st.stm32cube.ide.mcu.externaltools.gnu-tools-for-stm32.10.3-2021.10.win32_1.0.100.202210260954/tools/bin/../lib/gcc/arm-none-eabi/10.3.1/../../../../arm-none-eabi/lib/thumb/v7-m/nofp/crt0.o
[...]
Memory Configuration

Name             Origin             Length             Attributes
RAM              0x0000000020000000 0x0000000000002800 xrw
FLASH            0x0000000008000000 0x0000000000008000 xr
*default*        0x0000000000000000 0xffffffffffffffff

Linker script and memory map

LOAD c:/new folder/stm32cubeide_1.10.1/stm32cubeide/plugins/com.st.stm32cube.ide.mcu.externaltools.gnu-tools-for-stm32.10.3-2021.10.win32_1.0.100.202210260954/tools/bin/../lib/gcc/arm-none-eabi/10.3.1/thumb/v7-m/nofp/crti.o
LOAD c:/new folder/stm32cubeide_1.10.1/stm32cubeide/plugins/com.st.stm32cube.ide.mcu.externaltools.gnu-tools-for-stm32.10.3-2021.10.win32_1.0.100.202210260954/tools/bin/../lib/gcc/arm-none-eabi/10.3.1/thumb/v7-m/nofp/crtbegin.o
LOAD c:/new folder/stm32cubeide_1.10.1/stm32cubeide/plugins/com.st.stm32cube.ide.mcu.externaltools.gnu-tools-for-stm32.10.3-2021.10.win32_1.0.100.202210260954/tools/bin/../lib/gcc/arm-none-eabi/10.3.1/../../../../arm-none-eabi/lib/thumb/v7-m/nofp/crt0.o
LOAD ./Core/Src/liquidcrystal_i2c.o
LOAD ./Core/Src/main.o
LOAD ./Core/Src/stm32f1xx_hal_msp.o
LOAD ./Core/Src/stm32f1xx_it.o
LOAD ./Core/Src/syscalls.o
LOAD ./Core/Src/sysmem.o
LOAD ./Core/Src/system_stm32f1xx.o
LOAD ./Core/Startup/startup_stm32f103c6tx.o
LOAD ./Drivers/STM32F1xx_HAL_Driver/Src/stm32f1xx_hal.o
LOAD ./Drivers/STM32F1xx_HAL_Driver/Src/stm32f1xx_hal_cortex.o
LOAD ./Drivers/STM32F1xx_HAL_Driver/Src/stm32f1xx_hal_dma.o
LOAD ./Drivers/STM32F1xx_HAL_Driver/Src/stm32f1xx_hal_exti.o
LOAD ./Drivers/STM32F1xx_HAL_Driver/Src/stm32f1xx_hal_flash.o
LOAD ./Drivers/STM32F1xx_HAL_Driver/Src/stm32f1xx_hal_flash_ex.o
LOAD ./Drivers/STM32F1xx_HAL_Driver/Src/stm32f1xx_hal_gpio.o
LOAD ./Drivers/STM32F1xx_HAL_Driver/Src/stm32f1xx_hal_gpio_ex.o
LOAD ./Drivers/STM32F1xx_HAL_Driver/Src/stm32f1xx_hal_i2c.o
LOAD ./Drivers/STM32F1xx_HAL_Driver/Src/stm32f1xx_hal_pwr.o
LOAD ./Drivers/STM32F1xx_HAL_Driver/Src/stm32f1xx_hal_rcc.o
LOAD ./Drivers/STM32F1xx_HAL_Driver/Src/stm32f1xx_hal_rcc_ex.o
LOAD ./Drivers/STM32F1xx_HAL_Driver/Src/stm32f1xx_hal_tim.o
LOAD ./Drivers/STM32F1xx_HAL_Driver/Src/stm32f1xx_hal_tim_ex.o
START GROUP
LOAD c:/new folder/stm32cubeide_1.10.1/stm32cubeide/plugins/com.st.stm32cube.ide.mcu.externaltools.gnu-tools-for-stm32.10.3-2021.10.win32_1.0.100.202210260954/tools/bin/../lib/gcc/arm-none-eabi/10.3.1/../../../../arm-none-eabi/lib/thumb/v7-m/nofp\libc_nano.a
LOAD c:/new folder/stm32cubeide_1.10.1/stm32cubeide/plugins/com.st.stm32cube.ide.mcu.externaltools.gnu-tools-for-stm32.10.3-2021.10.win32_1.0.100.202210260954/tools/bin/../lib/gcc/arm-none-eabi/10.3.1/../../../../arm-none-eabi/lib/thumb/v7-m/nofp\libm.a
END GROUP
START GROUP
LOAD c:/new folder/stm32cubeide_1.10.1/stm32cubeide/plugins/com.st.stm32cube.ide.mcu.externaltools.gnu-tools-for-stm32.10.3-2021.10.win32_1.0.100.202210260954/tools/bin/../lib/gcc/arm-none-eabi/10.3.1/thumb/v7-m/nofp\libgcc.a
LOAD c:/new folder/stm32cubeide_1.10.1/stm32cubeide/plugins/com.st.stm32cube.ide.mcu.externaltools.gnu-tools-for-stm32.10.3-2021.10.win32_1.0.100.202210260954/tools/bin/../lib/gcc/arm-none-eabi/10.3.1/../../../../arm-none-eabi/lib/thumb/v7-m/nofp\libc_nano.a
END GROUP
START GROUP
LOAD c:/new folder/stm32cubeide_1.10.1/stm32cubeide/plugins/com.st.stm32cube.ide.mcu.externaltools.gnu-tools-for-stm32.10.3-2021.10.win32_1.0.100.202210260954/tools/bin/../lib/gcc/arm-none-eabi/10.3.1/thumb/v7-m/nofp\libgcc.a
LOAD c:/new folder/stm32cubeide_1.10.1/stm32cubeide/plugins/com.st.stm32cube.ide.mcu.externaltools.gnu-tools-for-stm32.10.3-2021.10.win32_1.0.100.202210260954/tools/bin/../lib/gcc/arm-none-eabi/10.3.1/../../../../arm-none-eabi/lib/thumb/v7-m/nofp\libc_nano.a
LOAD c:/new folder/stm32cubeide_1.10.1/stm32cubeide/plugins/com.st.stm32cube.ide.mcu.externaltools.gnu-tools-for-stm32.10.3-2021.10.win32_1.0.100.202210260954/tools/bin/../lib/gcc/arm-none-eabi/10.3.1/../../../../arm-none-eabi/lib/thumb/v7-m/nofp\libnosys.a
END GROUP
START GROUP
LOAD c:/new folder/stm32cubeide_1.10.1/stm32cubeide/plugins/com.st.stm32cube.ide.mcu.externaltools.gnu-tools-for-stm32.10.3-2021.10.win32_1.0.100.202210260954/tools/bin/../lib/gcc/arm-none-eabi/10.3.1/thumb/v7-m/nofp\libgcc.a
LOAD c:/new folder/stm32cubeide_1.10.1/stm32cubeide/plugins/com.st.stm32cube.ide.mcu.externaltools.gnu-tools-for-stm32.10.3-2021.10.win32_1.0.100.202210260954/tools/bin/../lib/gcc/arm-none-eabi/10.3.1/../../../../arm-none-eabi/lib/thumb/v7-m/nofp\libc_nano.a
LOAD c:/new folder/stm32cubeide_1.10.1/stm32cubeide/plugins/com.st.stm32cube.ide.mcu.externaltools.gnu-tools-for-stm32.10.3-2021.10.win32_1.0.100.202210260954/tools/bin/../lib/gcc/arm-none-eabi/10.3.1/../../../../arm-none-eabi/lib/thumb/v7-m/nofp\libnosys.a
END GROUP
LOAD c:/new folder/stm32cubeide_1.10.1/stm32cubeide/plugins/com.st.stm32cube.ide.mcu.externaltools.gnu-tools-for-stm32.10.3-2021.10.win32_1.0.100.202210260954/tools/bin/../lib/gcc/arm-none-eabi/10.3.1/thumb/v7-m/nofp/crtend.o
LOAD c:/new folder/stm32cubeide_1.10.1/stm32cubeide/plugins/com.st.stm32cube.ide.mcu.externaltools.gnu-tools-for-stm32.10.3-2021.10.win32_1.0.100.202210260954/tools/bin/../lib/gcc/arm-none-eabi/10.3.1/thumb/v7-m/nofp/crtn.o
                0x0000000020002800                _estack = (ORIGIN (RAM) + LENGTH (RAM))
                0x0000000000000200                _Min_Heap_Size = 0x200
                0x0000000000000400                _Min_Stack_Size = 0x400

.isr_vector     0x0000000008000000      0x10c
                0x0000000008000000                . = ALIGN (0x4)
 *(.isr_vector)
 .isr_vector    0x0000000008000000      0x10c ./Core/Startup/startup_stm32f103c6tx.o
                0x0000000008000000                g_pfnVectors
                0x000000000800010c                . = ALIGN (0x4)

.text           0x000000000800010c     0x1f0c
                0x000000000800010c                . = ALIGN (0x4)
 *(.text)
 .text          0x000000000800010c       0x40 c:/new folder/stm32cubeide_1.10.1/stm32cubeide/plugins/com.st.stm32cube.ide.mcu.externaltools.gnu-tools-for-stm32.10.3-2021.10.win32_1.0.100.202210260954/tools/bin/../lib/gcc/arm-none-eabi/10.3.1/thumb/v7-m/nofp/crtbegin.o
 *(.text*)
 .text.HD44780_Init
                0x000000000800014c      0x108 ./Core/Src/liquidcrystal_i2c.o
                0x000000000800014c                HD44780_Init
 .text.HD44780_Clear
                0x0000000008000254       0x16 ./Core/Src/liquidcrystal_i2c.o
                0x0000000008000254                HD44780_Clear
 .text.HD44780_Home
                0x000000000800026a       0x16 ./Core/Src/liquidcrystal_i2c.o
                0x000000000800026a                HD44780_Home
 .text.HD44780_SetCursor
                0x0000000008000280       0x64 ./Core/Src/liquidcrystal_i2c.o
                0x0000000008000280                HD44780_SetCursor
 .text.HD44780_Display
                0x00000000080002e4       0x2c ./Core/Src/liquidcrystal_i2c.o
                0x00000000080002e4                HD44780_Display
 .text.HD44780_CreateSpecialChar
                0x0000000008000310       0x52 ./Core/Src/liquidcrystal_i2c.o
                0x0000000008000310                HD44780_CreateSpecialChar
 .text.HD44780_PrintStr
                0x0000000008000362       0x2a ./Core/Src/liquidcrystal_i2c.o
                0x0000000008000362                HD44780_PrintStr
 .text.HD44780_NoBacklight
                0x000000000800038c       0x18 ./Core/Src/liquidcrystal_i2c.o
                0x000000000800038c                HD44780_NoBacklight
 .text.HD44780_Backlight
                0x00000000080003a4       0x18 ./Core/Src/liquidcrystal_i2c.o
                0x00000000080003a4                HD44780_Backlight
 .text.SendCommand
                0x00000000080003bc       0x1c ./Core/Src/liquidcrystal_i2c.o
 .text.SendChar
                0x00000000080003d8       0x1c ./Core/Src/liquidcrystal_i2c.o
 .text.Send     0x00000000080003f4       0x42 ./Core/Src/liquidcrystal_i2c.o
 .text.Write4Bits
                0x0000000008000436       0x22 ./Core/Src/liquidcrystal_i2c.o
 .text.ExpanderWrite
                0x0000000008000458       0x38 ./Core/Src/liquidcrystal_i2c.o
 .text.PulseEnable
                0x0000000008000490       0x3a ./Core/Src/liquidcrystal_i2c.o
 *fill*         0x00000000080004ca        0x2 
 .text.DelayInit
                0x00000000080004cc       0x50 ./Core/Src/liquidcrystal_i2c.o
 .text.DelayUS  0x000000000800051c       0x4c ./Core/Src/liquidcrystal_i2c.o
 .text.main     0x0000000008000568       0x88 ./Core/Src/main.o
                0x0000000008000568                main
 .text.SystemClock_Config
                0x00000000080005f0       0x76 ./Core/Src/main.o
                0x00000000080005f0                SystemClock_Config
 *fill*         0x0000000008000666        0x2 
 .text.MX_I2C1_Init
                0x0000000008000668       0x5c ./Core/Src/main.o
 .text.MX_GPIO_Init
                0x00000000080006c4       0xb0 ./Core/Src/main.o
 .text.Error_Handler
                0x0000000008000774        0xa ./Core/Src/main.o
                0x0000000008000774                Error_Handler
 *fill*         0x000000000800077e        0x2 
 .text.HAL_MspInit
                0x0000000008000780       0x64 ./Core/Src/stm32f1xx_hal_msp.o
                0x0000000008000780                HAL_MspInit
 .text.HAL_I2C_MspInit
                0x00000000080007e4       0x80 ./Core/Src/stm32f1xx_hal_msp.o
                0x00000000080007e4                HAL_I2C_MspInit
 .text.NMI_Handler
                0x0000000008000864        0x6 ./Core/Src/stm32f1xx_it.o
                0x0000000008000864                NMI_Handler
 .text.HardFault_Handler
                0x000000000800086a        0x6 ./Core/Src/stm32f1xx_it.o
                0x000000000800086a                HardFault_Handler
 .text.MemManage_Handler
                0x0000000008000870        0x6 ./Core/Src/stm32f1xx_it.o
                0x0000000008000870                MemManage_Handler
 .text.BusFault_Handler
                0x0000000008000876        0x6 ./Core/Src/stm32f1xx_it.o
                0x0000000008000876                BusFault_Handler
 .text.UsageFault_Handler
                0x000000000800087c        0x6 ./Core/Src/stm32f1xx_it.o
                0x000000000800087c                UsageFault_Handler
 .text.SVC_Handler
                0x0000000008000882        0xc ./Core/Src/stm32f1xx_it.o
                0x0000000008000882                SVC_Handler
 .text.DebugMon_Handler
                0x000000000800088e        0xc ./Core/Src/stm32f1xx_it.o
                0x000000000800088e                DebugMon_Handler
 .text.PendSV_Handler
                0x000000000800089a        0xc ./Core/Src/stm32f1xx_it.o
                0x000000000800089a                PendSV_Handler
 .text.SysTick_Handler
                0x00000000080008a6        0xc ./Core/Src/stm32f1xx_it.o
                0x00000000080008a6                SysTick_Handler
 .text.SystemInit
                0x00000000080008b2        0xc ./Core/Src/system_stm32f1xx.o
                0x00000000080008b2                SystemInit
 *fill*         0x00000000080008be        0x2 
 .text.Reset_Handler
                0x00000000080008c0       0x48 ./Core/Startup/startup_stm32f103c6tx.o
                0x00000000080008c0                Reset_Handler
 .text.Default_Handler
                0x0000000008000908        0x2 ./Core/Startup/startup_stm32f103c6tx.o
                0x0000000008000908                RTC_Alarm_IRQHandler
                0x0000000008000908                EXTI2_IRQHandler
                0x0000000008000908                TIM1_CC_IRQHandler
                0x0000000008000908                PVD_IRQHandler
                0x0000000008000908                EXTI3_IRQHandler
                0x0000000008000908                EXTI0_IRQHandler
                0x0000000008000908                ADC1_2_IRQHandler
                0x0000000008000908                SPI1_IRQHandler
                0x0000000008000908                TAMPER_IRQHandler
                0x0000000008000908                DMA1_Channel4_IRQHandler
                0x0000000008000908                RTC_IRQHandler
                0x0000000008000908                DMA1_Channel7_IRQHandler
                0x0000000008000908                CAN1_RX1_IRQHandler
                0x0000000008000908                I2C1_EV_IRQHandler
                0x0000000008000908                DMA1_Channel6_IRQHandler
                0x0000000008000908                TIM3_IRQHandler
                0x0000000008000908                RCC_IRQHandler
                0x0000000008000908                TIM1_TRG_COM_IRQHandler
                0x0000000008000908                DMA1_Channel1_IRQHandler
                0x0000000008000908                Default_Handler
                0x0000000008000908                EXTI15_10_IRQHandler
                0x0000000008000908                EXTI9_5_IRQHandler
                0x0000000008000908                DMA1_Channel5_IRQHandler
                0x0000000008000908                EXTI4_IRQHandler
                0x0000000008000908                USB_LP_CAN1_RX0_IRQHandler
                0x0000000008000908                USB_HP_CAN1_TX_IRQHandler
                0x0000000008000908                DMA1_Channel3_IRQHandler
                0x0000000008000908                TIM1_UP_IRQHandler
                0x0000000008000908                WWDG_IRQHandler
                0x0000000008000908                TIM2_IRQHandler
                0x0000000008000908                TIM1_BRK_IRQHandler
                0x0000000008000908                EXTI1_IRQHandler
                0x0000000008000908                USART2_IRQHandler
                0x0000000008000908                DMA1_Channel2_IRQHandler
                0x0000000008000908                CAN1_SCE_IRQHandler
                0x0000000008000908                FLASH_IRQHandler
                0x0000000008000908                USART1_IRQHandler
                0x0000000008000908                I2C1_ER_IRQHandler
                0x0000000008000908                USBWakeUp_IRQHandler
 *fill*         0x000000000800090a        0x2 
 .text.HAL_Init
                0x000000000800090c       0x2c ./Drivers/STM32F1xx_HAL_Driver/Src/stm32f1xx_hal.o
                0x000000000800090c                HAL_Init
 .text.HAL_InitTick
                0x0000000008000938       0x60 ./Drivers/STM32F1xx_HAL_Driver/Src/stm32f1xx_hal.o
                0x0000000008000938                HAL_InitTick
 .text.HAL_IncTick
                0x0000000008000998       0x24 ./Drivers/STM32F1xx_HAL_Driver/Src/stm32f1xx_hal.o
                0x0000000008000998                HAL_IncTick
 .text.HAL_GetTick
                0x00000000080009bc       0x14 ./Drivers/STM32F1xx_HAL_Driver/Src/stm32f1xx_hal.o
                0x00000000080009bc                HAL_GetTick
 .text.HAL_Delay
                0x00000000080009d0       0x48 ./Drivers/STM32F1xx_HAL_Driver/Src/stm32f1xx_hal.o
                0x00000000080009d0                HAL_Delay
 .text.__NVIC_SetPriorityGrouping
                0x0000000008000a18       0x48 ./Drivers/STM32F1xx_HAL_Driver/Src/stm32f1xx_hal_cortex.o
 .text.__NVIC_GetPriorityGrouping
                0x0000000008000a60       0x1c ./Drivers/STM32F1xx_HAL_Driver/Src/stm32f1xx_hal_cortex.o
 .text.__NVIC_SetPriority
                0x0000000008000a7c       0x54 ./Drivers/STM32F1xx_HAL_Driver/Src/stm32f1xx_hal_cortex.o
 .text.NVIC_EncodePriority
                0x0000000008000ad0       0x64 ./Drivers/STM32F1xx_HAL_Driver/Src/stm32f1xx_hal_cortex.o
 .text.SysTick_Config
                0x0000000008000b34       0x44 ./Drivers/STM32F1xx_HAL_Driver/Src/stm32f1xx_hal_cortex.o
 .text.HAL_NVIC_SetPriorityGrouping
                0x0000000008000b78       0x16 ./Drivers/STM32F1xx_HAL_Driver/Src/stm32f1xx_hal_cortex.o
                0x0000000008000b78                HAL_NVIC_SetPriorityGrouping
 .text.HAL_NVIC_SetPriority
                0x0000000008000b8e       0x38 ./Drivers/STM32F1xx_HAL_Driver/Src/stm32f1xx_hal_cortex.o
                0x0000000008000b8e                HAL_NVIC_SetPriority
 .text.HAL_SYSTICK_Config
                0x0000000008000bc6       0x18 ./Drivers/STM32F1xx_HAL_Driver/Src/stm32f1xx_hal_cortex.o
                0x0000000008000bc6                HAL_SYSTICK_Config
 *fill*         0x0000000008000bde        0x2 
 .text.HAL_GPIO_Init
                0x0000000008000be0      0x2f8 ./Drivers/STM32F1xx_HAL_Driver/Src/stm32f1xx_hal_gpio.o
                0x0000000008000be0                HAL_GPIO_Init
 .text.HAL_GPIO_WritePin
                0x0000000008000ed8       0x30 ./Drivers/STM32F1xx_HAL_Driver/Src/stm32f1xx_hal_gpio.o
                0x0000000008000ed8                HAL_GPIO_WritePin
 .text.HAL_I2C_Init
                0x0000000008000f08      0x288 ./Drivers/STM32F1xx_HAL_Driver/Src/stm32f1xx_hal_i2c.o
                0x0000000008000f08                HAL_I2C_Init
 .text.HAL_I2C_Master_Transmit
                0x0000000008001190      0x1fc ./Drivers/STM32F1xx_HAL_Driver/Src/stm32f1xx_hal_i2c.o
                0x0000000008001190                HAL_I2C_Master_Transmit
 .text.I2C_MasterRequestWrite
                0x000000000800138c      0x104 ./Drivers/STM32F1xx_HAL_Driver/Src/stm32f1xx_hal_i2c.o
 .text.I2C_WaitOnFlagUntilTimeout
                0x0000000008001490       0xae ./Drivers/STM32F1xx_HAL_Driver/Src/stm32f1xx_hal_i2c.o
 .text.I2C_WaitOnMasterAddressFlagUntilTimeout
                0x000000000800153e       0xfe ./Drivers/STM32F1xx_HAL_Driver/Src/stm32f1xx_hal_i2c.o
 .text.I2C_WaitOnTXEFlagUntilTimeout
                0x000000000800163c       0x82 ./Drivers/STM32F1xx_HAL_Driver/Src/stm32f1xx_hal_i2c.o
 .text.I2C_WaitOnBTFFlagUntilTimeout
                0x00000000080016be       0x82 ./Drivers/STM32F1xx_HAL_Driver/Src/stm32f1xx_hal_i2c.o
 .text.I2C_IsAcknowledgeFailed
                0x0000000008001740       0x5c ./Drivers/STM32F1xx_HAL_Driver/Src/stm32f1xx_hal_i2c.o
 .text.HAL_RCC_OscConfig
                0x000000000800179c      0x504 ./Drivers/STM32F1xx_HAL_Driver/Src/stm32f1xx_hal_rcc.o
                0x000000000800179c                HAL_RCC_OscConfig
 .text.HAL_RCC_ClockConfig
                0x0000000008001ca0      0x1d4 ./Drivers/STM32F1xx_HAL_Driver/Src/stm32f1xx_hal_rcc.o
                0x0000000008001ca0                HAL_RCC_ClockConfig
 .text.HAL_RCC_GetSysClockFreq
                0x0000000008001e74       0xbc ./Drivers/STM32F1xx_HAL_Driver/Src/stm32f1xx_hal_rcc.o
                0x0000000008001e74                HAL_RCC_GetSysClockFreq
 .text.HAL_RCC_GetHCLKFreq
                0x0000000008001f30       0x14 ./Drivers/STM32F1xx_HAL_Driver/Src/stm32f1xx_hal_rcc.o
                0x0000000008001f30                HAL_RCC_GetHCLKFreq
 .text.HAL_RCC_GetPCLK1Freq
                0x0000000008001f44       0x28 ./Drivers/STM32F1xx_HAL_Driver/Src/stm32f1xx_hal_rcc.o
                0x0000000008001f44                HAL_RCC_GetPCLK1Freq
 .text.RCC_Delay
                0x0000000008001f6c       0x3c ./Drivers/STM32F1xx_HAL_Driver/Src/stm32f1xx_hal_rcc.o
 .text.__libc_init_array
                0x0000000008001fa8       0x48 c:/new folder/stm32cubeide_1.10.1/stm32cubeide/plugins/com.st.stm32cube.ide.mcu.externaltools.gnu-tools-for-stm32.10.3-2021.10.win32_1.0.100.202210260954/tools/bin/../lib/gcc/arm-none-eabi/10.3.1/../../../../arm-none-eabi/lib/thumb/v7-m/nofp\libc_nano.a(lib_a-init.o)
                0x0000000008001fa8                __libc_init_array
 .text.memset   0x0000000008001ff0       0x10 c:/new folder/stm32cubeide_1.10.1/stm32cubeide/plugins/com.st.stm32cube.ide.mcu.externaltools.gnu-tools-for-stm32.10.3-2021.10.win32_1.0.100.202210260954/tools/bin/../lib/gcc/arm-none-eabi/10.3.1/../../../../arm-none-eabi/lib/thumb/v7-m/nofp\libc_nano.a(lib_a-memset.o)
                0x0000000008001ff0                memset
 *(.glue_7)
 .glue_7        0x0000000008002000        0x0 linker stubs
 *(.glue_7t)
 .glue_7t       0x0000000008002000        0x0 linker stubs
 *(.eh_frame)
 .eh_frame      0x0000000008002000        0x0 c:/new folder/stm32cubeide_1.10.1/stm32cubeide/plugins/com.st.stm32cube.ide.mcu.externaltools.gnu-tools-for-stm32.10.3-2021.10.win32_1.0.100.202210260954/tools/bin/../lib/gcc/arm-none-eabi/10.3.1/thumb/v7-m/nofp/crtbegin.o
 *(.init)
 .init          0x0000000008002000        0x4 c:/new folder/stm32cubeide_1.10.1/stm32cubeide/plugins/com.st.stm32cube.ide.mcu.externaltools.gnu-tools-for-stm32.10.3-2021.10.win32_1.0.100.202210260954/tools/bin/../lib/gcc/arm-none-eabi/10.3.1/thumb/v7-m/nofp/crti.o
                0x0000000008002000                _init
 .init          0x0000000008002004        0x8 c:/new folder/stm32cubeide_1.10.1/stm32cubeide/plugins/com.st.stm32cube.ide.mcu.externaltools.gnu-tools-for-stm32.10.3-2021.10.win32_1.0.100.202210260954/tools/bin/../lib/gcc/arm-none-eabi/10.3.1/thumb/v7-m/nofp/crtn.o
 *(.fini)
 .fini          0x000000000800200c        0x4 c:/new folder/stm32cubeide_1.10.1/stm32cubeide/plugins/com.st.stm32cube.ide.mcu.externaltools.gnu-tools-for-stm32.10.3-2021.10.win32_1.0.100.202210260954/tools/bin/../lib/gcc/arm-none-eabi/10.3.1/thumb/v7-m/nofp/crti.o
                0x000000000800200c                _fini
 .fini          0x0000000008002010        0x8 c:/new folder/stm32cubeide_1.10.1/stm32cubeide/plugins/com.st.stm32cube.ide.mcu.externaltools.gnu-tools-for-stm32.10.3-2021.10.win32_1.0.100.202210260954/tools/bin/../lib/gcc/arm-none-eabi/10.3.1/thumb/v7-m/nofp/crtn.o
                0x0000000008002018                . = ALIGN (0x4)
                0x0000000008002018                _etext = .

.vfp11_veneer   0x0000000008002018        0x0
 .vfp11_veneer  0x0000000008002018        0x0 linker stubs

.v4_bx          0x0000000008002018        0x0
 .v4_bx         0x0000000008002018        0x0 linker stubs

.iplt           0x0000000008002018        0x0
 .iplt          0x0000000008002018        0x0 c:/new folder/stm32cubeide_1.10.1/stm32cubeide/plugins/com.st.stm32cube.ide.mcu.externaltools.gnu-tools-for-stm32.10.3-2021.10.win32_1.0.100.202210260954/tools/bin/../lib/gcc/arm-none-eabi/10.3.1/thumb/v7-m/nofp/crtbegin.o

.rodata         0x0000000008002018       0x48
                0x0000000008002018                . = ALIGN (0x4)
 *(.rodata)
 .rodata        0x0000000008002018       0x10 ./Core/Src/liquidcrystal_i2c.o
 .rodata        0x0000000008002028        0xe ./Core/Src/main.o
 *fill*         0x0000000008002036        0x2 
 .rodata        0x0000000008002038       0x10 ./Drivers/STM32F1xx_HAL_Driver/Src/stm32f1xx_hal_rcc.o
 *(.rodata*)
 .rodata.AHBPrescTable
                0x0000000008002048       0x10 ./Core/Src/system_stm32f1xx.o
                0x0000000008002048                AHBPrescTable
 .rodata.APBPrescTable
                0x0000000008002058        0x8 ./Core/Src/system_stm32f1xx.o
                0x0000000008002058                APBPrescTable
                0x0000000008002060                . = ALIGN (0x4)

.rel.dyn        0x0000000008002060        0x0
 .rel.iplt      0x0000000008002060        0x0 c:/new folder/stm32cubeide_1.10.1/stm32cubeide/plugins/com.st.stm32cube.ide.mcu.externaltools.gnu-tools-for-stm32.10.3-2021.10.win32_1.0.100.202210260954/tools/bin/../lib/gcc/arm-none-eabi/10.3.1/thumb/v7-m/nofp/crtbegin.o

.ARM.extab      0x0000000008002060        0x0
                0x0000000008002060                . = ALIGN (0x4)
 *(.ARM.extab* .gnu.linkonce.armextab.*)
                0x0000000008002060                . = ALIGN (0x4)

.ARM            0x0000000008002060        0x0
                0x0000000008002060                . = ALIGN (0x4)
                0x0000000008002060                __exidx_start = .
 *(.ARM.exidx*)
                0x0000000008002060                __exidx_end = .
                0x0000000008002060                . = ALIGN (0x4)

.preinit_array  0x0000000008002060        0x0
                0x0000000008002060                . = ALIGN (0x4)
                0x0000000008002060                PROVIDE (__preinit_array_start = .)
 *(.preinit_array*)
                0x0000000008002060                PROVIDE (__preinit_array_end = .)
                0x0000000008002060                . = ALIGN (0x4)

.init_array     0x0000000008002060        0x4
                0x0000000008002060                . = ALIGN (0x4)
                0x0000000008002060                PROVIDE (__init_array_start = .)
 *(SORT_BY_NAME(.init_array.*))
 *(.init_array*)
 .init_array    0x0000000008002060        0x4 c:/new folder/stm32cubeide_1.10.1/stm32cubeide/plugins/com.st.stm32cube.ide.mcu.externaltools.gnu-tools-for-stm32.10.3-2021.10.win32_1.0.100.202210260954/tools/bin/../lib/gcc/arm-none-eabi/10.3.1/thumb/v7-m/nofp/crtbegin.o
                0x0000000008002064                PROVIDE (__init_array_end = .)
                0x0000000008002064                . = ALIGN (0x4)

.fini_array     0x0000000008002064        0x4
                0x0000000008002064                . = ALIGN (0x4)
                [!provide]                        PROVIDE (__fini_array_start = .)
 *(SORT_BY_NAME(.fini_array.*))
 *(.fini_array*)
 .fini_array    0x0000000008002064        0x4 c:/new folder/stm32cubeide_1.10.1/stm32cubeide/plugins/com.st.stm32cube.ide.mcu.externaltools.gnu-tools-for-stm32.10.3-2021.10.win32_1.0.100.202210260954/tools/bin/../lib/gcc/arm-none-eabi/10.3.1/thumb/v7-m/nofp/crtbegin.o
                [!provide]                        PROVIDE (__fini_array_end = .)
                0x0000000008002068                . = ALIGN (0x4)
                0x0000000008002068                _sidata = LOADADDR (.data)

.data           0x0000000020000000       0x1c load address 0x0000000008002068
                0x0000000020000000                . = ALIGN (0x4)
                0x0000000020000000                _sdata = .
 *(.data)
 *(.data*)
 .data.special1
                0x0000000020000000        0x8 ./Core/Src/liquidcrystal_i2c.o
                0x0000000020000000                special1
 .data.special2
                0x0000000020000008        0x8 ./Core/Src/liquidcrystal_i2c.o
                0x0000000020000008                special2
 .data.SystemCoreClock
                0x0000000020000010        0x4 ./Core/Src/system_stm32f1xx.o
                0x0000000020000010                SystemCoreClock
 .data.uwTickPrio
                0x0000000020000014        0x4 ./Drivers/STM32F1xx_HAL_Driver/Src/stm32f1xx_hal.o
                0x0000000020000014                uwTickPrio
 .data.uwTickFreq
                0x0000000020000018        0x1 ./Drivers/STM32F1xx_HAL_Driver/Src/stm32f1xx_hal.o
                0x0000000020000018                uwTickFreq
 *(.RamFunc)
 *(.RamFunc*)
                0x000000002000001c                . = ALIGN (0x4)
 *fill*         0x0000000020000019        0x3 
                0x000000002000001c                _edata = .

.igot.plt       0x000000002000001c        0x0 load address 0x0000000008002084
 .igot.plt      0x000000002000001c        0x0 c:/new folder/stm32cubeide_1.10.1/stm32cubeide/plugins/com.st.stm32cube.ide.mcu.externaltools.gnu-tools-for-stm32.10.3-2021.10.win32_1.0.100.202210260954/tools/bin/../lib/gcc/arm-none-eabi/10.3.1/thumb/v7-m/nofp/crtbegin.o
                0x000000002000001c                . = ALIGN (0x4)

.bss            0x000000002000001c       0x7c load address 0x0000000008002084
                0x000000002000001c                _sbss = .
                0x000000002000001c                __bss_start__ = _sbss
 *(.bss)
 .bss           0x000000002000001c       0x1c c:/new folder/stm32cubeide_1.10.1/stm32cubeide/plugins/com.st.stm32cube.ide.mcu.externaltools.gnu-tools-for-stm32.10.3-2021.10.win32_1.0.100.202210260954/tools/bin/../lib/gcc/arm-none-eabi/10.3.1/thumb/v7-m/nofp/crtbegin.o
 *(.bss*)
 .bss.dpFunction
                0x0000000020000038        0x1 ./Core/Src/liquidcrystal_i2c.o
                0x0000000020000038                dpFunction
 .bss.dpControl
                0x0000000020000039        0x1 ./Core/Src/liquidcrystal_i2c.o
                0x0000000020000039                dpControl
 .bss.dpMode    0x000000002000003a        0x1 ./Core/Src/liquidcrystal_i2c.o
                0x000000002000003a                dpMode
 .bss.dpRows    0x000000002000003b        0x1 ./Core/Src/liquidcrystal_i2c.o
                0x000000002000003b                dpRows
 .bss.dpBacklight
                0x000000002000003c        0x1 ./Core/Src/liquidcrystal_i2c.o
                0x000000002000003c                dpBacklight
 *fill*         0x000000002000003d        0x3 
 .bss.hi2c1     0x0000000020000040       0x54 ./Core/Src/main.o
                0x0000000020000040                hi2c1
 .bss.uwTick    0x0000000020000094        0x4 ./Drivers/STM32F1xx_HAL_Driver/Src/stm32f1xx_hal.o
                0x0000000020000094                uwTick
 *(COMMON)
                0x0000000020000098                . = ALIGN (0x4)
                0x0000000020000098                _ebss = .
                0x0000000020000098                __bss_end__ = _ebss

._user_heap_stack
                0x0000000020000098      0x600 load address 0x0000000008002084
                0x0000000020000098                . = ALIGN (0x8)
                [!provide]                        PROVIDE (end = .)
                0x0000000020000098                PROVIDE (_end = .)
                0x0000000020000298                . = (. + _Min_Heap_Size)
 *fill*         0x0000000020000098      0x200 
                0x0000000020000698                . = (. + _Min_Stack_Size)
 *fill*         0x0000000020000298      0x400 
                0x0000000020000698                . = ALIGN (0x8)

/DISCARD/
 libc.a(*)
 libm.a(*)
 libgcc.a(*)

.ARM.attributes
                0x0000000000000000       0x29
 *(.ARM.attributes)
 .ARM.attributes
                0x0000000000000000       0x1d c:/new folder/stm32cubeide_1.10.1/stm32cubeide/plugins/com.st.stm32cube.ide.mcu.externaltools.gnu-tools-for-stm32.10.3-2021.10.win32_1.0.100.202210260954/tools/bin/../lib/gcc/arm-none-eabi/10.3.1/thumb/v7-m/nofp/crti.o
 .ARM.attributes
                0x000000000000001d       0x2d c:/new folder/stm32cubeide_1.10.1/stm32cubeide/plugins/com.st.stm32cube.ide.mcu.externaltools.gnu-tools-for-stm32.10.3-2021.10.win32_1.0.100.202210260954/tools/bin/../lib/gcc/arm-none-eabi/10.3.1/thumb/v7-m/nofp/crtbegin.o
 .ARM.attributes
                0x000000000000004a       0x2d ./Core/Src/liquidcrystal_i2c.o
 .ARM.attributes
                0x0000000000000077       0x2d ./Core/Src/main.o
 .ARM.attributes
                0x00000000000000a4       0x2d ./Core/Src/stm32f1xx_hal_msp.o
 .ARM.attributes
                0x00000000000000d1       0x2d ./Core/Src/stm32f1xx_it.o
 .ARM.attributes
                0x00000000000000fe       0x2d ./Core/Src/system_stm32f1xx.o
 .ARM.attributes
                0x000000000000012b       0x21 ./Core/Startup/startup_stm32f103c6tx.o
 .ARM.attributes
                0x000000000000014c       0x2d ./Drivers/STM32F1xx_HAL_Driver/Src/stm32f1xx_hal.o
 .ARM.attributes
                0x0000000000000179       0x2d ./Drivers/STM32F1xx_HAL_Driver/Src/stm32f1xx_hal_cortex.o
 .ARM.attributes
                0x00000000000001a6       0x2d ./Drivers/STM32F1xx_HAL_Driver/Src/stm32f1xx_hal_gpio.o
 .ARM.attributes
                0x00000000000001d3       0x2d ./Drivers/STM32F1xx_HAL_Driver/Src/stm32f1xx_hal_i2c.o
 .ARM.attributes
                0x0000000000000200       0x2d ./Drivers/STM32F1xx_HAL_Driver/Src/stm32f1xx_hal_rcc.o
 .ARM.attributes
                0x000000000000022d       0x2d c:/new folder/stm32cubeide_1.10.1/stm32cubeide/plugins/com.st.stm32cube.ide.mcu.externaltools.gnu-tools-for-stm32.10.3-2021.10.win32_1.0.100.202210260954/tools/bin/../lib/gcc/arm-none-eabi/10.3.1/../../../../arm-none-eabi/lib/thumb/v7-m/nofp\libc_nano.a(lib_a-init.o)
 .ARM.attributes
                0x000000000000025a       0x2d c:/new folder/stm32cubeide_1.10.1/stm32cubeide/plugins/com.st.stm32cube.ide.mcu.externaltools.gnu-tools-for-stm32.10.3-2021.10.win32_1.0.100.202210260954/tools/bin/../lib/gcc/arm-none-eabi/10.3.1/../../../../arm-none-eabi/lib/thumb/v7-m/nofp\libc_nano.a(lib_a-memset.o)
 .ARM.attributes
                0x0000000000000287       0x1d c:/new folder/stm32cubeide_1.10.1/stm32cubeide/plugins/com.st.stm32cube.ide.mcu.externaltools.gnu-tools-for-stm32.10.3-2021.10.win32_1.0.100.202210260954/tools/bin/../lib/gcc/arm-none-eabi/10.3.1/thumb/v7-m/nofp/crtn.o
OUTPUT(blupill_LCD.elf elf32-littlearm)
LOAD linker stubs
LOAD c:/new folder/stm32cubeide_1.10.1/stm32cubeide/plugins/com.st.stm32cube.ide.mcu.externaltools.gnu-tools-for-stm32.10.3-2021.10.win32_1.0.100.202210260954/tools/bin/../lib/gcc/arm-none-eabi/10.3.1/../../../../arm-none-eabi/lib/thumb/v7-m/nofp\libc.a
LOAD c:/new folder/stm32cubeide_1.10.1/stm32cubeide/plugins/com.st.stm32cube.ide.mcu.externaltools.gnu-tools-for-stm32.10.3-2021.10.win32_1.0.100.202210260954/tools/bin/../lib/gcc/arm-none-eabi/10.3.1/../../../../arm-none-eabi/lib/thumb/v7-m/nofp\libm.a
LOAD c:/new folder/stm32cubeide_1.10.1/stm32cubeide/plugins/com.st.stm32cube.ide.mcu.externaltools.gnu-tools-for-stm32.10.3-2021.10.win32_1.0.100.202210260954/tools/bin/../lib/gcc/arm-none-eabi/10.3.1/thumb/v7-m/nofp\libgcc.a

.debug_info     0x0000000000000000     0x6b84
 .debug_info    0x0000000000000000      0xcaa ./Core/Src/liquidcrystal_i2c.o
 .debug_info    0x0000000000000caa      0xae2 ./Core/Src/main.o
 .debug_info    0x000000000000178c      0x8b6 ./Core/Src/stm32f1xx_hal_msp.o
 .debug_info    0x0000000000002042      0x122 ./Core/Src/stm32f1xx_it.o
 .debug_info    0x0000000000002164      0x23d ./Core/Src/system_stm32f1xx.o
 .debug_info    0x00000000000023a1       0x22 ./Core/Startup/startup_stm32f103c6tx.o
 .debug_info    0x00000000000023c3      0x716 ./Drivers/STM32F1xx_HAL_Driver/Src/stm32f1xx_hal.o
 .debug_info    0x0000000000002ad9      0xb02 ./Drivers/STM32F1xx_HAL_Driver/Src/stm32f1xx_hal_cortex.o
 .debug_info    0x00000000000035db      0x615 ./Drivers/STM32F1xx_HAL_Driver/Src/stm32f1xx_hal_gpio.o
 .debug_info    0x0000000000003bf0     0x2734 ./Drivers/STM32F1xx_HAL_Driver/Src/stm32f1xx_hal_i2c.o
 .debug_info    0x0000000000006324      0x860 ./Drivers/STM32F1xx_HAL_Driver/Src/stm32f1xx_hal_rcc.o

.debug_abbrev   0x0000000000000000     0x1438
 .debug_abbrev  0x0000000000000000      0x2ba ./Core/Src/liquidcrystal_i2c.o
 .debug_abbrev  0x00000000000002ba      0x256 ./Core/Src/main.o
 .debug_abbrev  0x0000000000000510      0x194 ./Core/Src/stm32f1xx_hal_msp.o
 .debug_abbrev  0x00000000000006a4       0x74 ./Core/Src/stm32f1xx_it.o
 .debug_abbrev  0x0000000000000718      0x13b ./Core/Src/system_stm32f1xx.o
 .debug_abbrev  0x0000000000000853       0x12 ./Core/Startup/startup_stm32f103c6tx.o
 .debug_abbrev  0x0000000000000865      0x1fb ./Drivers/STM32F1xx_HAL_Driver/Src/stm32f1xx_hal.o
 .debug_abbrev  0x0000000000000a60      0x2ed ./Drivers/STM32F1xx_HAL_Driver/Src/stm32f1xx_hal_cortex.o
 .debug_abbrev  0x0000000000000d4d      0x1bb ./Drivers/STM32F1xx_HAL_Driver/Src/stm32f1xx_hal_gpio.o
 .debug_abbrev  0x0000000000000f08      0x288 ./Drivers/STM32F1xx_HAL_Driver/Src/stm32f1xx_hal_i2c.o
 .debug_abbrev  0x0000000000001190      0x2a8 ./Drivers/STM32F1xx_HAL_Driver/Src/stm32f1xx_hal_rcc.o

.debug_aranges  0x0000000000000000      0x798
 .debug_aranges
                0x0000000000000000      0x110 ./Core/Src/liquidcrystal_i2c.o
 .debug_aranges
                0x0000000000000110       0x40 ./Core/Src/main.o
 .debug_aranges
                0x0000000000000150       0x30 ./Core/Src/stm32f1xx_hal_msp.o
 .debug_aranges
                0x0000000000000180       0x60 ./Core/Src/stm32f1xx_it.o
 .debug_aranges
                0x00000000000001e0       0x28 ./Core/Src/system_stm32f1xx.o
 .debug_aranges
                0x0000000000000208       0x28 ./Core/Startup/startup_stm32f103c6tx.o
 .debug_aranges
                0x0000000000000230       0xe0 ./Drivers/STM32F1xx_HAL_Driver/Src/stm32f1xx_hal.o
 .debug_aranges
                0x0000000000000310      0x100 ./Drivers/STM32F1xx_HAL_Driver/Src/stm32f1xx_hal_cortex.o
 .debug_aranges
                0x0000000000000410       0x58 ./Drivers/STM32F1xx_HAL_Driver/Src/stm32f1xx_hal_gpio.o
 .debug_aranges
                0x0000000000000468      0x2a0 ./Drivers/STM32F1xx_HAL_Driver/Src/stm32f1xx_hal_i2c.o
 .debug_aranges
                0x0000000000000708       0x90 ./Drivers/STM32F1xx_HAL_Driver/Src/stm32f1xx_hal_rcc.o

.debug_ranges   0x0000000000000000      0x718
 .debug_ranges  0x0000000000000000      0x100 ./Core/Src/liquidcrystal_i2c.o
 .debug_ranges  0x0000000000000100       0x30 ./Core/Src/main.o
 .debug_ranges  0x0000000000000130       0x20 ./Core/Src/stm32f1xx_hal_msp.o
 .debug_ranges  0x0000000000000150       0x50 ./Core/Src/stm32f1xx_it.o
 .debug_ranges  0x00000000000001a0       0x18 ./Core/Src/system_stm32f1xx.o
 .debug_ranges  0x00000000000001b8       0x20 ./Core/Startup/startup_stm32f103c6tx.o
 .debug_ranges  0x00000000000001d8       0xd0 ./Drivers/STM32F1xx_HAL_Driver/Src/stm32f1xx_hal.o
 .debug_ranges  0x00000000000002a8       0xf0 ./Drivers/STM32F1xx_HAL_Driver/Src/stm32f1xx_hal_cortex.o
 .debug_ranges  0x0000000000000398       0x48 ./Drivers/STM32F1xx_HAL_Driver/Src/stm32f1xx_hal_gpio.o
 .debug_ranges  0x00000000000003e0      0x2b8 ./Drivers/STM32F1xx_HAL_Driver/Src/stm32f1xx_hal_i2c.o
 .debug_ranges  0x0000000000000698       0x80 ./Drivers/STM32F1xx_HAL_Driver/Src/stm32f1xx_hal_rcc.o

.debug_macro    0x0000000000000000    0x15cc1
 .debug_macro   0x0000000000000000      0x19c ./Core/Src/liquidcrystal_i2c.o
 .debug_macro   0x000000000000019c      0xa6c ./Core/Src/liquidcrystal_i2c.o
 .debug_macro   0x0000000000000c08      0x215 ./Core/Src/liquidcrystal_i2c.o
 .debug_macro   0x0000000000000e1d       0x2e ./Core/Src/liquidcrystal_i2c.o
 .debug_macro   0x0000000000000e4b       0x22 ./Core/Src/liquidcrystal_i2c.o
 .debug_macro   0x0000000000000e6d       0x22 ./Core/Src/liquidcrystal_i2c.o
 .debug_macro   0x0000000000000e8f       0x8e ./Core/Src/liquidcrystal_i2c.o
 .debug_macro   0x0000000000000f1d       0x51 ./Core/Src/liquidcrystal_i2c.o
 .debug_macro   0x0000000000000f6e      0x103 ./Core/Src/liquidcrystal_i2c.o
 .debug_macro   0x0000000000001071       0x6a ./Core/Src/liquidcrystal_i2c.o
 .debug_macro   0x00000000000010db      0x1df ./Core/Src/liquidcrystal_i2c.o
 .debug_macro   0x00000000000012ba       0x1c ./Core/Src/liquidcrystal_i2c.o
 .debug_macro   0x00000000000012d6       0x22 ./Core/Src/liquidcrystal_i2c.o
 .debug_macro   0x00000000000012f8       0xbd ./Core/Src/liquidcrystal_i2c.o
 .debug_macro   0x00000000000013b5      0xd23 ./Core/Src/liquidcrystal_i2c.o
 .debug_macro   0x00000000000020d8     0xde75 ./Core/Src/liquidcrystal_i2c.o
 .debug_macro   0x000000000000ff4d       0x6d ./Core/Src/liquidcrystal_i2c.o
 .debug_macro   0x000000000000ffba     0x3468 ./Core/Src/liquidcrystal_i2c.o
 .debug_macro   0x0000000000013422      0x174 ./Core/Src/liquidcrystal_i2c.o
 .debug_macro   0x0000000000013596       0x5c ./Core/Src/liquidcrystal_i2c.o
 .debug_macro   0x00000000000135f2      0x5be ./Core/Src/liquidcrystal_i2c.o
 .debug_macro   0x0000000000013bb0      0x1b7 ./Core/Src/liquidcrystal_i2c.o
 .debug_macro   0x0000000000013d67      0x1cb ./Core/Src/liquidcrystal_i2c.o
 .debug_macro   0x0000000000013f32      0x114 ./Core/Src/liquidcrystal_i2c.o
 .debug_macro   0x0000000000014046      0x1b2 ./Core/Src/liquidcrystal_i2c.o
 .debug_macro   0x00000000000141f8       0x27 ./Core/Src/liquidcrystal_i2c.o
 .debug_macro   0x000000000001421f      0x12f ./Core/Src/liquidcrystal_i2c.o
 .debug_macro   0x000000000001434e      0x1bc ./Core/Src/liquidcrystal_i2c.o
 .debug_macro   0x000000000001450a       0x34 ./Core/Src/liquidcrystal_i2c.o
 .debug_macro   0x000000000001453e       0x3c ./Core/Src/liquidcrystal_i2c.o
 .debug_macro   0x000000000001457a       0x57 ./Core/Src/liquidcrystal_i2c.o
 .debug_macro   0x00000000000145d1       0x88 ./Core/Src/liquidcrystal_i2c.o
 .debug_macro   0x0000000000014659      0x183 ./Core/Src/liquidcrystal_i2c.o
 .debug_macro   0x00000000000147dc      0x287 ./Core/Src/liquidcrystal_i2c.o
 .debug_macro   0x0000000000014a63      0x141 ./Core/Src/liquidcrystal_i2c.o
 .debug_macro   0x0000000000014ba4       0x69 ./Core/Src/liquidcrystal_i2c.o
 .debug_macro   0x0000000000014c0d       0xd0 ./Core/Src/liquidcrystal_i2c.o
 .debug_macro   0x0000000000014cdd      0x1a0 ./Core/Src/main.o
 .debug_macro   0x0000000000014e7d       0xd6 ./Core/Src/main.o
 .debug_macro   0x0000000000014f53      0x197 ./Core/Src/stm32f1xx_hal_msp.o
 .debug_macro   0x00000000000150ea      0x1a1 ./Core/Src/stm32f1xx_it.o
 .debug_macro   0x000000000001528b      0x18d ./Core/Src/system_stm32f1xx.o
 .debug_macro   0x0000000000015418      0x1b1 ./Drivers/STM32F1xx_HAL_Driver/Src/stm32f1xx_hal.o
 .debug_macro   0x00000000000155c9      0x18d ./Drivers/STM32F1xx_HAL_Driver/Src/stm32f1xx_hal_cortex.o
 .debug_macro   0x0000000000015756      0x1f8 ./Drivers/STM32F1xx_HAL_Driver/Src/stm32f1xx_hal_gpio.o
 .debug_macro   0x000000000001594e      0x1d4 ./Drivers/STM32F1xx_HAL_Driver/Src/stm32f1xx_hal_i2c.o
 .debug_macro   0x0000000000015b22      0x19f ./Drivers/STM32F1xx_HAL_Driver/Src/stm32f1xx_hal_rcc.o

.debug_line     0x0000000000000000     0x8bfa
 .debug_line    0x0000000000000000      0xa54 ./Core/Src/liquidcrystal_i2c.o
 .debug_line    0x0000000000000a54      0x79b ./Core/Src/main.o
 .debug_line    0x00000000000011ef      0x6b3 ./Core/Src/stm32f1xx_hal_msp.o
 .debug_line    0x00000000000018a2      0x72a ./Core/Src/stm32f1xx_it.o
 .debug_line    0x0000000000001fcc      0x6e6 ./Core/Src/system_stm32f1xx.o
 .debug_line    0x00000000000026b2       0x87 ./Core/Startup/startup_stm32f103c6tx.o
 .debug_line    0x0000000000002739      0x913 ./Drivers/STM32F1xx_HAL_Driver/Src/stm32f1xx_hal.o
 .debug_line    0x000000000000304c      0xafb ./Drivers/STM32F1xx_HAL_Driver/Src/stm32f1xx_hal_cortex.o
 .debug_line    0x0000000000003b47      0x995 ./Drivers/STM32F1xx_HAL_Driver/Src/stm32f1xx_hal_gpio.o
 .debug_line    0x00000000000044dc     0x39fd ./Drivers/STM32F1xx_HAL_Driver/Src/stm32f1xx_hal_i2c.o
 .debug_line    0x0000000000007ed9      0xd21 ./Drivers/STM32F1xx_HAL_Driver/Src/stm32f1xx_hal_rcc.o

.debug_str      0x0000000000000000    0x7c424
 .debug_str     0x0000000000000000    0x7a6cf ./Core/Src/liquidcrystal_i2c.o
                                      0x7aa93 (size before relaxing)
 .debug_str     0x000000000007a6cf      0x284 ./Core/Src/main.o
                                      0x7a9a5 (size before relaxing)
 .debug_str     0x000000000007a953       0x87 ./Core/Src/stm32f1xx_hal_msp.o
                                      0x7a4fb (size before relaxing)
 .debug_str     0x000000000007a9da       0xc9 ./Core/Src/stm32f1xx_it.o
                                      0x7a00c (size before relaxing)
 .debug_str     0x000000000007aaa3       0x6e ./Core/Src/system_stm32f1xx.o
                                      0x7a022 (size before relaxing)
 .debug_str     0x000000000007ab11       0x36 ./Core/Startup/startup_stm32f103c6tx.o
                                         0x74 (size before relaxing)
 .debug_str     0x000000000007ab47      0x5c8 ./Drivers/STM32F1xx_HAL_Driver/Src/stm32f1xx_hal.o
                                      0x7a71b (size before relaxing)
 .debug_str     0x000000000007b10f      0x2b1 ./Drivers/STM32F1xx_HAL_Driver/Src/stm32f1xx_hal_cortex.o
                                      0x7a667 (size before relaxing)
 .debug_str     0x000000000007b3c0      0x2e6 ./Drivers/STM32F1xx_HAL_Driver/Src/stm32f1xx_hal_gpio.o
                                      0x7a3a8 (size before relaxing)
 .debug_str     0x000000000007b6a6      0xb75 ./Drivers/STM32F1xx_HAL_Driver/Src/stm32f1xx_hal_i2c.o
                                      0x7b096 (size before relaxing)
 .debug_str     0x000000000007c21b      0x209 ./Drivers/STM32F1xx_HAL_Driver/Src/stm32f1xx_hal_rcc.o
                                      0x7a451 (size before relaxing)

.comment        0x0000000000000000       0x50
 .comment       0x0000000000000000       0x50 ./Core/Src/liquidcrystal_i2c.o
                                         0x51 (size before relaxing)
 .comment       0x0000000000000050       0x51 ./Core/Src/main.o
 .comment       0x0000000000000050       0x51 ./Core/Src/stm32f1xx_hal_msp.o
 .comment       0x0000000000000050       0x51 ./Core/Src/stm32f1xx_it.o
 .comment       0x0000000000000050       0x51 ./Core/Src/system_stm32f1xx.o
 .comment       0x0000000000000050       0x51 ./Drivers/STM32F1xx_HAL_Driver/Src/stm32f1xx_hal.o
 .comment       0x0000000000000050       0x51 ./Drivers/STM32F1xx_HAL_Driver/Src/stm32f1xx_hal_cortex.o
 .comment       0x0000000000000050       0x51 ./Drivers/STM32F1xx_HAL_Driver/Src/stm32f1xx_hal_gpio.o
 .comment       0x0000000000000050       0x51 ./Drivers/STM32F1xx_HAL_Driver/Src/stm32f1xx_hal_i2c.o
 .comment       0x0000000000000050       0x51 ./Drivers/STM32F1xx_HAL_Driver/Src/stm32f1xx_hal_rcc.o

.debug_frame    0x0000000000000000     0x1de0
 .debug_frame   0x0000000000000000      0x3f0 ./Core/Src/liquidcrystal_i2c.o
 .debug_frame   0x00000000000003f0       0xa8 ./Core/Src/main.o
 .debug_frame   0x0000000000000498       0x80 ./Core/Src/stm32f1xx_hal_msp.o
 .debug_frame   0x0000000000000518      0x104 ./Core/Src/stm32f1xx_it.o
 .debug_frame   0x000000000000061c       0x58 ./Core/Src/system_stm32f1xx.o
 .debug_frame   0x0000000000000674      0x334 ./Drivers/STM32F1xx_HAL_Driver/Src/stm32f1xx_hal.o
 .debug_frame   0x00000000000009a8      0x428 ./Drivers/STM32F1xx_HAL_Driver/Src/stm32f1xx_hal_cortex.o
 .debug_frame   0x0000000000000dd0      0x14c ./Drivers/STM32F1xx_HAL_Driver/Src/stm32f1xx_hal_gpio.o
 .debug_frame   0x0000000000000f1c      0xc5c ./Drivers/STM32F1xx_HAL_Driver/Src/stm32f1xx_hal_i2c.o
 .debug_frame   0x0000000000001b78      0x21c ./Drivers/STM32F1xx_HAL_Driver/Src/stm32f1xx_hal_rcc.o
 .debug_frame   0x0000000000001d94       0x2c c:/new folder/stm32cubeide_1.10.1/stm32cubeide/plugins/com.st.stm32cube.ide.mcu.externaltools.gnu-tools-for-stm32.10.3-2021.10.win32_1.0.100.202210260954/tools/bin/../lib/gcc/arm-none-eabi/10.3.1/../../../../arm-none-eabi/lib/thumb/v7-m/nofp\libc_nano.a(lib_a-init.o)
 .debug_frame   0x0000000000001dc0       0x20 c:/new folder/stm32cubeide_1.10.1/stm32cubeide/plugins/com.st.stm32cube.ide.mcu.externaltools.gnu-tools-for-stm32.10.3-2021.10.win32_1.0.100.202210260954/tools/bin/../lib/gcc/arm-none-eabi/10.3.1/../../../../arm-none-eabi/lib/thumb/v7-m/nofp\libc_nano.a(lib_a-memset.o)
