Archive member included to satisfy reference by file (symbol)

c:/new folder/stm32cubeide_1.10.1/stm32cubeide/plugins/com.st.stm32cube.ide.mcu.externaltools.gnu-tools-for-stm32.10.3-2021.10.win32_1.0.100.202210260954/tools/bin/../lib/gcc/arm-none-eabi/10.3.1/../../../../arm-none-eabi/lib/thumb/v7-m/nofp\libc_nano.a(lib_a-errno.o)
                              ./Core/Src/syscalls.o (__errno)
c:/new folder/stm32cubeide_1.10.1/stm32cubeide/plugins/com.st.stm32cube.ide.mcu.externaltools.gnu-tools-for-stm32.10.3-2021.10.win32_1.0.100.202210260954/tools/bin/../lib/gcc/arm-none-eabi/10.3.1/../../../../arm-none-eabi/lib/thumb/v7-m/nofp\libc_nano.a(lib_a-exit.o)
                              c:/new folder/stm32cubeide_1.10.1/stm32cubeide/plugins/com.st.stm32cube.ide.mcu.externaltools.gnu-tools-for-stm32.10.3-2021.10.win32_1.0.100.202210260954/tools/bin/../lib/gcc/arm-none-eabi/10.3.1/../../../../arm-none-eabi/lib/thumb/v7-m/nofp/crt0.o (exit)
c:/new folder/stm32cubeide_1.10.1/stm32cubeide/plugins/com.st.stm32cube.ide.mcu.externaltools.gnu-tools-for-stm32.10.3-2021.10.win32_1.0.100.202210260954/tools/bin/../lib/gcc/arm-none-eabi/10.3.1/../../../../arm-none-eabi/lib/thumb/v7-m/nofp\libc_nano.a(lib_a-impure.o)
                              c:/new folder/stm32cubeide_1.10.1/stm32cubeide/plugins/com.st.stm32cube.ide.mcu.externaltools.gnu-tools-for-stm32.10.3-2021.10.win32_1.0.100.202210260954/tools/bin/../lib/gcc/arm-none-eabi/10.3.1/../../../../arm-none-eabi/lib/thumb/v7-m/nofp\libc_nano.a(lib_a-exit.o) (_global_impure_ptr)
c:/new folder/stm32cubeide_1.10.1/stm32cubeide/plugins/com.st.stm32cube.ide.mcu.externaltools.gnu-tools-for-stm32.10.3-2021.10.win32_1.0.100.202210260954/tools/bin/../lib/gcc/arm-none-eabi/10.3.1/../../../../arm-none-eabi/lib/thumb/v7-m/nofp\libc_nano.a(lib_a-init.o)
                              c:/new folder/stm32cubeide_1.10.1/stm32cubeide/plugins/com.st.stm32cube.ide.mcu.externaltools.gnu-tools-for-stm32.10.3-2021.10.win32_1.0.100.202210260954/tools/bin/../lib/gcc/arm-none-eabi/10.3.1/../../../../arm-none-eabi/lib/thumb/v7-m/nofp/crt0.o (__libc_init_array)
c:/new folder/stm32cubeide_1.10.1/stm32cubeide/plugins/com.st.stm32cube.ide.mcu.externaltools.gnu-tools-for-stm32.10.3-2021.10.win32_1.0.100.202210260954/tools/bin/../lib/gcc/arm-none-eabi/10.3.1/../../../../arm-none-eabi/lib/thumb/v7-m/nofp\libc_nano.a(lib_a-memset.o)
                              c:/new folder/stm32cubeide_1.10.1/stm32cubeide/plugins/com.st.stm32cube.ide.mcu.externaltools.gnu-tools-for-stm32.10.3-2021.10.win32_1.0.100.202210260954/tools/bin/../lib/gcc/arm-none-eabi/10.3.1/../../../../arm-none-eabi/lib/thumb/v7-m/nofp/crt0.o (memset)
c:/new folder/stm32cubeide_1.10.1/stm32cubeide/plugins/com.st.stm32cube.ide.mcu.externaltools.gnu-tools-for-stm32.10.3-2021.10.win32_1.0.100.202210260954/tools/bin/../lib/gcc/arm-none-eabi/10.3.1/thumb/v7-m/nofp\libgcc.a(_arm_addsubsf3.o)
                              ./Core/Src/main.o (__aeabi_fsub)

Discarded input sections

 .text          0x0000000000000000        0x0 c:/new folder/stm32cubeide_1.10.1/stm32cubeide/plugins/com.st.stm32cube.ide.mcu.externaltools.gnu-tools-for-stm32.10.3-2021.10.win32_1.0.100.202210260954/tools/bin/../lib/gcc/arm-none-eabi/10.3.1/thumb/v7-m/nofp/crti.o
 .data          0x0000000000000000        0x0 c:/new folder/stm32cubeide_1.10.1/stm32cubeide/plugins/com.st.stm32cube.ide.mcu.externaltools.gnu-tools-for-stm32.10.3-2021.10.win32_1.0.100.202210260954/tools/bin/../lib/gcc/arm-none-eabi/10.3.1/thumb/v7-m/nofp/crti.o
 .bss           0x0000000000000000        0x0 c:/new folder/stm32cubeide_1.10.1/stm32cubeide/plugins/com.st.stm32cube.ide.mcu.externaltools.gnu-tools-for-stm32.10.3-2021.10.win32_1.0.100.202210260954/tools/bin/../lib/gcc/arm-none-eabi/10.3.1/thumb/v7-m/nofp/crti.o
 .data          0x0000000000000000        0x4 c:/new folder/stm32cubeide_1.10.1/stm32cubeide/plugins/com.st.stm32cube.ide.mcu.externaltools.gnu-tools-for-stm32.10.3-2021.10.win32_1.0.100.202210260954/tools/bin/../lib/gcc/arm-none-eabi/10.3.1/thumb/v7-m/nofp/crtbegin.o
 .rodata        0x0000000000000000       0x24 c:/new folder/stm32cubeide_1.10.1/stm32cubeide/plugins/com.st.stm32cube.ide.mcu.externaltools.gnu-tools-for-stm32.10.3-2021.10.win32_1.0.100.202210260954/tools/bin/../lib/gcc/arm-none-eabi/10.3.1/thumb/v7-m/nofp/crtbegin.o
 .text          0x0000000000000000       0x7c c:/new folder/stm32cubeide_1.10.1/stm32cubeide/plugins/com.st.stm32cube.ide.mcu.externaltools.gnu-tools-for-stm32.10.3-2021.10.win32_1.0.100.202210260954/tools/bin/../lib/gcc/arm-none-eabi/10.3.1/../../../../arm-none-eabi/lib/thumb/v7-m/nofp/crt0.o
 .data          0x0000000000000000        0x0 c:/new folder/stm32cubeide_1.10.1/stm32cubeide/plugins/com.st.stm32cube.ide.mcu.externaltools.gnu-tools-for-stm32.10.3-2021.10.win32_1.0.100.202210260954/tools/bin/../lib/gcc/arm-none-eabi/10.3.1/../../../../arm-none-eabi/lib/thumb/v7-m/nofp/crt0.o
[...]
Memory Configuration

Name             Origin             Length             Attributes
RAM              0x0000000020000000 0x0000000000005000 xrw
FLASH            0x0000000008000000 0x0000000000010000 xr
*default*        0x0000000000000000 0xffffffffffffffff

Linker script and memory map

LOAD c:/new folder/stm32cubeide_1.10.1/stm32cubeide/plugins/com.st.stm32cube.ide.mcu.externaltools.gnu-tools-for-stm32.10.3-2021.10.win32_1.0.100.202210260954/tools/bin/../lib/gcc/arm-none-eabi/10.3.1/thumb/v7-m/nofp/crti.o
LOAD c:/new folder/stm32cubeide_1.10.1/stm32cubeide/plugins/com.st.stm32cube.ide.mcu.externaltools.gnu-tools-for-stm32.10.3-2021.10.win32_1.0.100.202210260954/tools/bin/../lib/gcc/arm-none-eabi/10.3.1/thumb/v7-m/nofp/crtbegin.o
LOAD c:/new folder/stm32cubeide_1.10.1/stm32cubeide/plugins/com.st.stm32cube.ide.mcu.externaltools.gnu-tools-for-stm32.10.3-2021.10.win32_1.0.100.202210260954/tools/bin/../lib/gcc/arm-none-eabi/10.3.1/../../../../arm-none-eabi/lib/thumb/v7-m/nofp/crt0.o
LOAD ./Core/Src/liquidcrystal_i2c.o
LOAD ./Core/Src/main.o
LOAD ./Core/Src/stm32f1xx_hal_msp.o
LOAD ./Core/Src/stm32f1xx_it.o
LOAD ./Core/Src/syscalls.o
LOAD ./Core/Src/sysmem.o
LOAD ./Core/Src/system_stm32f1xx.o
LOAD ./Core/Startup/startup_stm32f103c8tx.o
LOAD ./Drivers/STM32F1xx_HAL_Driver/Src/stm32f1xx_hal.o
LOAD ./Drivers/STM32F1xx_HAL_Driver/Src/stm32f1xx_hal_cortex.o
LOAD ./Drivers/STM32F1xx_HAL_Driver/Src/stm32f1xx_hal_dma.o
LOAD ./Drivers/STM32F1xx_HAL_Driver/Src/stm32f1xx_hal_exti.o
LOAD ./Drivers/STM32F1xx_HAL_Driver/Src/stm32f1xx_hal_flash.o
LOAD ./Drivers/STM32F1xx_HAL_Driver/Src/stm32f1xx_hal_flash_ex.o
LOAD ./Drivers/STM32F1xx_HAL_Driver/Src/stm32f1xx_hal_gpio.o
LOAD ./Drivers/STM32F1xx_HAL_Driver/Src/stm32f1xx_hal_gpio_ex.o
LOAD ./Drivers/STM32F1xx_HAL_Driver/Src/stm32f1xx_hal_i2c.o
LOAD ./Drivers/STM32F1xx_HAL_Driver/Src/stm32f1xx_hal_pwr.o
LOAD ./Drivers/STM32F1xx_HAL_Driver/Src/stm32f1xx_hal_rcc.o
LOAD ./Drivers/STM32F1xx_HAL_Driver/Src/stm32f1xx_hal_rcc_ex.o
LOAD ./Drivers/STM32F1xx_HAL_Driver/Src/stm32f1xx_hal_tim.o
LOAD ./Drivers/STM32F1xx_HAL_Driver/Src/stm32f1xx_hal_tim_ex.o
START GROUP
LOAD c:/new folder/stm32cubeide_1.10.1/stm32cubeide/plugins/com.st.stm32cube.ide.mcu.externaltools.gnu-tools-for-stm32.10.3-2021.10.win32_1.0.100.202210260954/tools/bin/../lib/gcc/arm-none-eabi/10.3.1/../../../../arm-none-eabi/lib/thumb/v7-m/nofp\libc_nano.a
LOAD c:/new folder/stm32cubeide_1.10.1/stm32cubeide/plugins/com.st.stm32cube.ide.mcu.externaltools.gnu-tools-for-stm32.10.3-2021.10.win32_1.0.100.202210260954/tools/bin/../lib/gcc/arm-none-eabi/10.3.1/../../../../arm-none-eabi/lib/thumb/v7-m/nofp\libm.a
END GROUP
START GROUP
LOAD c:/new folder/stm32cubeide_1.10.1/stm32cubeide/plugins/com.st.stm32cube.ide.mcu.externaltools.gnu-tools-for-stm32.10.3-2021.10.win32_1.0.100.202210260954/tools/bin/../lib/gcc/arm-none-eabi/10.3.1/thumb/v7-m/nofp\libgcc.a
LOAD c:/new folder/stm32cubeide_1.10.1/stm32cubeide/plugins/com.st.stm32cube.ide.mcu.externaltools.gnu-tools-for-stm32.10.3-2021.10.win32_1.0.100.202210260954/tools/bin/../lib/gcc/arm-none-eabi/10.3.1/../../../../arm-none-eabi/lib/thumb/v7-m/nofp\libc_nano.a
END GROUP
START GROUP
LOAD c:/new folder/stm32cubeide_1.10.1/stm32cubeide/plugins/com.st.stm32cube.ide.mcu.externaltools.gnu-tools-for-stm32.10.3-2021.10.win32_1.0.100.202210260954/tools/bin/../lib/gcc/arm-none-eabi/10.3.1/thumb/v7-m/nofp\libgcc.a
LOAD c:/new folder/stm32cubeide_1.10.1/stm32cubeide/plugins/com.st.stm32cube.ide.mcu.externaltools.gnu-tools-for-stm32.10.3-2021.10.win32_1.0.100.202210260954/tools/bin/../lib/gcc/arm-none-eabi/10.3.1/../../../../arm-none-eabi/lib/thumb/v7-m/nofp\libc_nano.a
LOAD c:/new folder/stm32cubeide_1.10.1/stm32cubeide/plugins/com.st.stm32cube.ide.mcu.externaltools.gnu-tools-for-stm32.10.3-2021.10.win32_1.0.100.202210260954/tools/bin/../lib/gcc/arm-none-eabi/10.3.1/../../../../arm-none-eabi/lib/thumb/v7-m/nofp\libnosys.a
END GROUP
START GROUP
LOAD c:/new folder/stm32cubeide_1.10.1/stm32cubeide/plugins/com.st.stm32cube.ide.mcu.externaltools.gnu-tools-for-stm32.10.3-2021.10.win32_1.0.100.202210260954/tools/bin/../lib/gcc/arm-none-eabi/10.3.1/thumb/v7-m/nofp\libgcc.a
LOAD c:/new folder/stm32cubeide_1.10.1/stm32cubeide/plugins/com.st.stm32cube.ide.mcu.externaltools.gnu-tools-for-stm32.10.3-2021.10.win32_1.0.100.202210260954/tools/bin/../lib/gcc/arm-none-eabi/10.3.1/../../../../arm-none-eabi/lib/thumb/v7-m/nofp\libc_nano.a
LOAD c:/new folder/stm32cubeide_1.10.1/stm32cubeide/plugins/com.st.stm32cube.ide.mcu.externaltools.gnu-tools-for-stm32.10.3-2021.10.win32_1.0.100.202210260954/tools/bin/../lib/gcc/arm-none-eabi/10.3.1/../../../../arm-none-eabi/lib/thumb/v7-m/nofp\libnosys.a
END GROUP
LOAD c:/new folder/stm32cubeide_1.10.1/stm32cubeide/plugins/com.st.stm32cube.ide.mcu.externaltools.gnu-tools-for-stm32.10.3-2021.10.win32_1.0.100.202210260954/tools/bin/../lib/gcc/arm-none-eabi/10.3.1/thumb/v7-m/nofp/crtend.o
LOAD c:/new folder/stm32cubeide_1.10.1/stm32cubeide/plugins/com.st.stm32cube.ide.mcu.externaltools.gnu-tools-for-stm32.10.3-2021.10.win32_1.0.100.202210260954/tools/bin/../lib/gcc/arm-none-eabi/10.3.1/thumb/v7-m/nofp/crtn.o
                0x0000000020005000                _estack = (ORIGIN (RAM) + LENGTH (RAM))
                0x0000000000000200                _Min_Heap_Size = 0x200
                0x0000000000000400                _Min_Stack_Size = 0x400

.isr_vector     0x0000000008000000      0x10c
                0x0000000008000000                . = ALIGN (0x4)
 *(.isr_vector)
 .isr_vector    0x0000000008000000      0x10c ./Core/Startup/startup_stm32f103c8tx.o
                0x0000000008000000                g_pfnVectors
                0x000000000800010c                . = ALIGN (0x4)

.text           0x000000000800010c     0x2358
                0x000000000800010c                . = ALIGN (0x4)
 *(.text)
 .text          0x000000000800010c       0x40 c:/new folder/stm32cubeide_1.10.1/stm32cubeide/plugins/com.st.stm32cube.ide.mcu.externaltools.gnu-tools-for-stm32.10.3-2021.10.win32_1.0.100.202210260954/tools/bin/../lib/gcc/arm-none-eabi/10.3.1/thumb/v7-m/nofp/crtbegin.o
 .text          0x000000000800014c      0x21c c:/new folder/stm32cubeide_1.10.1/stm32cubeide/plugins/com.st.stm32cube.ide.mcu.externaltools.gnu-tools-for-stm32.10.3-2021.10.win32_1.0.100.202210260954/tools/bin/../lib/gcc/arm-none-eabi/10.3.1/thumb/v7-m/nofp\libgcc.a(_arm_addsubsf3.o)
                0x000000000800014c                __aeabi_frsub
                0x0000000008000154                __subsf3
                0x0000000008000154                __aeabi_fsub
                0x0000000008000158                __aeabi_fadd
                0x0000000008000158                __addsf3
                0x00000000080002b8                __aeabi_ui2f
                0x00000000080002b8                __floatunsisf
                0x00000000080002c0                __aeabi_i2f
                0x00000000080002c0                __floatsisf
                0x00000000080002dc                __aeabi_ul2f
                0x00000000080002dc                __floatundisf
                0x00000000080002ec                __aeabi_l2f
                0x00000000080002ec                __floatdisf
 *(.text*)
 .text.HD44780_Init
                0x0000000008000368      0x108 ./Core/Src/liquidcrystal_i2c.o
                0x0000000008000368                HD44780_Init
 .text.HD44780_Clear
                0x0000000008000470       0x16 ./Core/Src/liquidcrystal_i2c.o
                0x0000000008000470                HD44780_Clear
 .text.HD44780_Home
                0x0000000008000486       0x16 ./Core/Src/liquidcrystal_i2c.o
                0x0000000008000486                HD44780_Home
 .text.HD44780_SetCursor
                0x000000000800049c       0x64 ./Core/Src/liquidcrystal_i2c.o
                0x000000000800049c                HD44780_SetCursor
 .text.HD44780_Display
                0x0000000008000500       0x2c ./Core/Src/liquidcrystal_i2c.o
                0x0000000008000500                HD44780_Display
 .text.HD44780_CreateSpecialChar
                0x000000000800052c       0x52 ./Core/Src/liquidcrystal_i2c.o
                0x000000000800052c                HD44780_CreateSpecialChar
 .text.HD44780_PrintStr
                0x000000000800057e       0x2a ./Core/Src/liquidcrystal_i2c.o
                0x000000000800057e                HD44780_PrintStr
 .text.SendCommand
                0x00000000080005a8       0x1c ./Core/Src/liquidcrystal_i2c.o
 .text.SendChar
                0x00000000080005c4       0x1c ./Core/Src/liquidcrystal_i2c.o
 .text.Send     0x00000000080005e0       0x42 ./Core/Src/liquidcrystal_i2c.o
 .text.Write4Bits
                0x0000000008000622       0x22 ./Core/Src/liquidcrystal_i2c.o
 .text.ExpanderWrite
                0x0000000008000644       0x38 ./Core/Src/liquidcrystal_i2c.o
 .text.PulseEnable
                0x000000000800067c       0x3a ./Core/Src/liquidcrystal_i2c.o
 *fill*         0x00000000080006b6        0x2 
 .text.DelayInit
                0x00000000080006b8       0x50 ./Core/Src/liquidcrystal_i2c.o
 .text.DelayUS  0x0000000008000708       0x4c ./Core/Src/liquidcrystal_i2c.o
 .text.main     0x0000000008000754      0x1d0 ./Core/Src/main.o
                0x0000000008000754                main
 .text.SystemClock_Config
                0x0000000008000924       0x8a ./Core/Src/main.o
                0x0000000008000924                SystemClock_Config
 *fill*         0x00000000080009ae        0x2 
 .text.MX_I2C1_Init
                0x00000000080009b0       0x5c ./Core/Src/main.o
 .text.MX_GPIO_Init
                0x0000000008000a0c       0xb8 ./Core/Src/main.o
 .text.Error_Handler
                0x0000000008000ac4        0xa ./Core/Src/main.o
                0x0000000008000ac4                Error_Handler
 *fill*         0x0000000008000ace        0x2 
 .text.HAL_MspInit
                0x0000000008000ad0       0x64 ./Core/Src/stm32f1xx_hal_msp.o
                0x0000000008000ad0                HAL_MspInit
 .text.HAL_I2C_MspInit
                0x0000000008000b34       0x7c ./Core/Src/stm32f1xx_hal_msp.o
                0x0000000008000b34                HAL_I2C_MspInit
 .text.NMI_Handler
                0x0000000008000bb0        0x6 ./Core/Src/stm32f1xx_it.o
                0x0000000008000bb0                NMI_Handler
 .text.HardFault_Handler
                0x0000000008000bb6        0x6 ./Core/Src/stm32f1xx_it.o
                0x0000000008000bb6                HardFault_Handler
 .text.MemManage_Handler
                0x0000000008000bbc        0x6 ./Core/Src/stm32f1xx_it.o
                0x0000000008000bbc                MemManage_Handler
 .text.BusFault_Handler
                0x0000000008000bc2        0x6 ./Core/Src/stm32f1xx_it.o
                0x0000000008000bc2                BusFault_Handler
 .text.UsageFault_Handler
                0x0000000008000bc8        0x6 ./Core/Src/stm32f1xx_it.o
                0x0000000008000bc8                UsageFault_Handler
 .text.SVC_Handler
                0x0000000008000bce        0xc ./Core/Src/stm32f1xx_it.o
                0x0000000008000bce                SVC_Handler
 .text.DebugMon_Handler
                0x0000000008000bda        0xc ./Core/Src/stm32f1xx_it.o
                0x0000000008000bda                DebugMon_Handler
 .text.PendSV_Handler
                0x0000000008000be6        0xc ./Core/Src/stm32f1xx_it.o
                0x0000000008000be6                PendSV_Handler
 .text.SysTick_Handler
                0x0000000008000bf2        0xc ./Core/Src/stm32f1xx_it.o
                0x0000000008000bf2                SysTick_Handler
 *fill*         0x0000000008000bfe        0x2 
 .text.EXTI0_IRQHandler
                0x0000000008000c00       0x28 ./Core/Src/stm32f1xx_it.o
                0x0000000008000c00                EXTI0_IRQHandler
 .text.EXTI1_IRQHandler
                0x0000000008000c28       0x30 ./Core/Src/stm32f1xx_it.o
                0x0000000008000c28                EXTI1_IRQHandler
 .text.EXTI2_IRQHandler
                0x0000000008000c58       0x30 ./Core/Src/stm32f1xx_it.o
                0x0000000008000c58                EXTI2_IRQHandler
 .text.SystemInit
                0x0000000008000c88        0xc ./Core/Src/system_stm32f1xx.o
                0x0000000008000c88                SystemInit
 .text.Reset_Handler
                0x0000000008000c94       0x48 ./Core/Startup/startup_stm32f103c8tx.o
                0x0000000008000c94                Reset_Handler
 .text.Default_Handler
                0x0000000008000cdc        0x2 ./Core/Startup/startup_stm32f103c8tx.o
                0x0000000008000cdc                RTC_Alarm_IRQHandler
                0x0000000008000cdc                TIM1_CC_IRQHandler
                0x0000000008000cdc                PVD_IRQHandler
                0x0000000008000cdc                EXTI3_IRQHandler
                0x0000000008000cdc                I2C2_EV_IRQHandler
                0x0000000008000cdc                ADC1_2_IRQHandler
                0x0000000008000cdc                SPI1_IRQHandler
                0x0000000008000cdc                TAMPER_IRQHandler
                0x0000000008000cdc                DMA1_Channel4_IRQHandler
                0x0000000008000cdc                USART3_IRQHandler
                0x0000000008000cdc                RTC_IRQHandler
                0x0000000008000cdc                DMA1_Channel7_IRQHandler
                0x0000000008000cdc                CAN1_RX1_IRQHandler
                0x0000000008000cdc                TIM4_IRQHandler
                0x0000000008000cdc                I2C1_EV_IRQHandler
                0x0000000008000cdc                DMA1_Channel6_IRQHandler
                0x0000000008000cdc                TIM3_IRQHandler
                0x0000000008000cdc                RCC_IRQHandler
                0x0000000008000cdc                TIM1_TRG_COM_IRQHandler
                0x0000000008000cdc                DMA1_Channel1_IRQHandler
                0x0000000008000cdc                Default_Handler
                0x0000000008000cdc                EXTI15_10_IRQHandler
                0x0000000008000cdc                EXTI9_5_IRQHandler
                0x0000000008000cdc                SPI2_IRQHandler
                0x0000000008000cdc                DMA1_Channel5_IRQHandler
                0x0000000008000cdc                EXTI4_IRQHandler
                0x0000000008000cdc                USB_LP_CAN1_RX0_IRQHandler
                0x0000000008000cdc                USB_HP_CAN1_TX_IRQHandler
                0x0000000008000cdc                DMA1_Channel3_IRQHandler
                0x0000000008000cdc                TIM1_UP_IRQHandler
                0x0000000008000cdc                WWDG_IRQHandler
                0x0000000008000cdc                TIM2_IRQHandler
                0x0000000008000cdc                TIM1_BRK_IRQHandler
                0x0000000008000cdc                USART2_IRQHandler
                0x0000000008000cdc                I2C2_ER_IRQHandler
                0x0000000008000cdc                DMA1_Channel2_IRQHandler
                0x0000000008000cdc                CAN1_SCE_IRQHandler
                0x0000000008000cdc                FLASH_IRQHandler
                0x0000000008000cdc                USART1_IRQHandler
                0x0000000008000cdc                I2C1_ER_IRQHandler
                0x0000000008000cdc                USBWakeUp_IRQHandler
 *fill*         0x0000000008000cde        0x2 
 .text.HAL_Init
                0x0000000008000ce0       0x2c ./Drivers/STM32F1xx_HAL_Driver/Src/stm32f1xx_hal.o
                0x0000000008000ce0                HAL_Init
 .text.HAL_InitTick
                0x0000000008000d0c       0x60 ./Drivers/STM32F1xx_HAL_Driver/Src/stm32f1xx_hal.o
                0x0000000008000d0c                HAL_InitTick
 .text.HAL_IncTick
                0x0000000008000d6c       0x24 ./Drivers/STM32F1xx_HAL_Driver/Src/stm32f1xx_hal.o
                0x0000000008000d6c                HAL_IncTick
 .text.HAL_GetTick
                0x0000000008000d90       0x14 ./Drivers/STM32F1xx_HAL_Driver/Src/stm32f1xx_hal.o
                0x0000000008000d90                HAL_GetTick
 .text.HAL_Delay
                0x0000000008000da4       0x48 ./Drivers/STM32F1xx_HAL_Driver/Src/stm32f1xx_hal.o
                0x0000000008000da4                HAL_Delay
 .text.__NVIC_SetPriorityGrouping
                0x0000000008000dec       0x48 ./Drivers/STM32F1xx_HAL_Driver/Src/stm32f1xx_hal_cortex.o
 .text.__NVIC_GetPriorityGrouping
                0x0000000008000e34       0x1c ./Drivers/STM32F1xx_HAL_Driver/Src/stm32f1xx_hal_cortex.o
 .text.__NVIC_EnableIRQ
                0x0000000008000e50       0x38 ./Drivers/STM32F1xx_HAL_Driver/Src/stm32f1xx_hal_cortex.o
 .text.__NVIC_SetPriority
                0x0000000008000e88       0x54 ./Drivers/STM32F1xx_HAL_Driver/Src/stm32f1xx_hal_cortex.o
 .text.NVIC_EncodePriority
                0x0000000008000edc       0x64 ./Drivers/STM32F1xx_HAL_Driver/Src/stm32f1xx_hal_cortex.o
 .text.SysTick_Config
                0x0000000008000f40       0x44 ./Drivers/STM32F1xx_HAL_Driver/Src/stm32f1xx_hal_cortex.o
 .text.HAL_NVIC_SetPriorityGrouping
                0x0000000008000f84       0x16 ./Drivers/STM32F1xx_HAL_Driver/Src/stm32f1xx_hal_cortex.o
                0x0000000008000f84                HAL_NVIC_SetPriorityGrouping
 .text.HAL_NVIC_SetPriority
                0x0000000008000f9a       0x38 ./Drivers/STM32F1xx_HAL_Driver/Src/stm32f1xx_hal_cortex.o
                0x0000000008000f9a                HAL_NVIC_SetPriority
 .text.HAL_NVIC_EnableIRQ
                0x0000000008000fd2       0x1c ./Drivers/STM32F1xx_HAL_Driver/Src/stm32f1xx_hal_cortex.o
                0x0000000008000fd2                HAL_NVIC_EnableIRQ
 .text.HAL_SYSTICK_Config
                0x0000000008000fee       0x18 ./Drivers/STM32F1xx_HAL_Driver/Src/stm32f1xx_hal_cortex.o
                0x0000000008000fee                HAL_SYSTICK_Config
 *fill*         0x0000000008001006        0x2 
 .text.HAL_GPIO_Init
                0x0000000008001008      0x308 ./Drivers/STM32F1xx_HAL_Driver/Src/stm32f1xx_hal_gpio.o
                0x0000000008001008                HAL_GPIO_Init
 .text.HAL_GPIO_EXTI_IRQHandler
                0x0000000008001310       0x30 ./Drivers/STM32F1xx_HAL_Driver/Src/stm32f1xx_hal_gpio.o
                0x0000000008001310                HAL_GPIO_EXTI_IRQHandler
 .text.HAL_GPIO_EXTI_Callback
                0x0000000008001340       0x14 ./Drivers/STM32F1xx_HAL_Driver/Src/stm32f1xx_hal_gpio.o
                0x0000000008001340                HAL_GPIO_EXTI_Callback
 .text.HAL_I2C_Init
                0x0000000008001354      0x288 ./Drivers/STM32F1xx_HAL_Driver/Src/stm32f1xx_hal_i2c.o
                0x0000000008001354                HAL_I2C_Init
 .text.HAL_I2C_Master_Transmit
                0x00000000080015dc      0x1fc ./Drivers/STM32F1xx_HAL_Driver/Src/stm32f1xx_hal_i2c.o
                0x00000000080015dc                HAL_I2C_Master_Transmit
 .text.I2C_MasterRequestWrite
                0x00000000080017d8      0x104 ./Drivers/STM32F1xx_HAL_Driver/Src/stm32f1xx_hal_i2c.o
 .text.I2C_WaitOnFlagUntilTimeout
                0x00000000080018dc       0xae ./Drivers/STM32F1xx_HAL_Driver/Src/stm32f1xx_hal_i2c.o
 .text.I2C_WaitOnMasterAddressFlagUntilTimeout
                0x000000000800198a       0xfe ./Drivers/STM32F1xx_HAL_Driver/Src/stm32f1xx_hal_i2c.o
 .text.I2C_WaitOnTXEFlagUntilTimeout
                0x0000000008001a88       0x82 ./Drivers/STM32F1xx_HAL_Driver/Src/stm32f1xx_hal_i2c.o
 .text.I2C_WaitOnBTFFlagUntilTimeout
                0x0000000008001b0a       0x82 ./Drivers/STM32F1xx_HAL_Driver/Src/stm32f1xx_hal_i2c.o
 .text.I2C_IsAcknowledgeFailed
                0x0000000008001b8c       0x5c ./Drivers/STM32F1xx_HAL_Driver/Src/stm32f1xx_hal_i2c.o
 .text.HAL_RCC_OscConfig
                0x0000000008001be8      0x504 ./Drivers/STM32F1xx_HAL_Driver/Src/stm32f1xx_hal_rcc.o
                0x0000000008001be8                HAL_RCC_OscConfig
 .text.HAL_RCC_ClockConfig
                0x00000000080020ec      0x1d4 ./Drivers/STM32F1xx_HAL_Driver/Src/stm32f1xx_hal_rcc.o
                0x00000000080020ec                HAL_RCC_ClockConfig
 .text.HAL_RCC_GetSysClockFreq
                0x00000000080022c0       0xbc ./Drivers/STM32F1xx_HAL_Driver/Src/stm32f1xx_hal_rcc.o
                0x00000000080022c0                HAL_RCC_GetSysClockFreq
 .text.HAL_RCC_GetHCLKFreq
                0x000000000800237c       0x14 ./Drivers/STM32F1xx_HAL_Driver/Src/stm32f1xx_hal_rcc.o
                0x000000000800237c                HAL_RCC_GetHCLKFreq
 .text.HAL_RCC_GetPCLK1Freq
                0x0000000008002390       0x28 ./Drivers/STM32F1xx_HAL_Driver/Src/stm32f1xx_hal_rcc.o
                0x0000000008002390                HAL_RCC_GetPCLK1Freq
 .text.RCC_Delay
                0x00000000080023b8       0x3c ./Drivers/STM32F1xx_HAL_Driver/Src/stm32f1xx_hal_rcc.o
 .text.__libc_init_array
                0x00000000080023f4       0x48 c:/new folder/stm32cubeide_1.10.1/stm32cubeide/plugins/com.st.stm32cube.ide.mcu.externaltools.gnu-tools-for-stm32.10.3-2021.10.win32_1.0.100.202210260954/tools/bin/../lib/gcc/arm-none-eabi/10.3.1/../../../../arm-none-eabi/lib/thumb/v7-m/nofp\libc_nano.a(lib_a-init.o)
                0x00000000080023f4                __libc_init_array
 .text.memset   0x000000000800243c       0x10 c:/new folder/stm32cubeide_1.10.1/stm32cubeide/plugins/com.st.stm32cube.ide.mcu.externaltools.gnu-tools-for-stm32.10.3-2021.10.win32_1.0.100.202210260954/tools/bin/../lib/gcc/arm-none-eabi/10.3.1/../../../../arm-none-eabi/lib/thumb/v7-m/nofp\libc_nano.a(lib_a-memset.o)
                0x000000000800243c                memset
 *(.glue_7)
 .glue_7        0x000000000800244c        0x0 linker stubs
 *(.glue_7t)
 .glue_7t       0x000000000800244c        0x0 linker stubs
 *(.eh_frame)
 .eh_frame      0x000000000800244c        0x0 c:/new folder/stm32cubeide_1.10.1/stm32cubeide/plugins/com.st.stm32cube.ide.mcu.externaltools.gnu-tools-for-stm32.10.3-2021.10.win32_1.0.100.202210260954/tools/bin/../lib/gcc/arm-none-eabi/10.3.1/thumb/v7-m/nofp/crtbegin.o
 *(.init)
 .init          0x000000000800244c        0x4 c:/new folder/stm32cubeide_1.10.1/stm32cubeide/plugins/com.st.stm32cube.ide.mcu.externaltools.gnu-tools-for-stm32.10.3-2021.10.win32_1.0.100.202210260954/tools/bin/../lib/gcc/arm-none-eabi/10.3.1/thumb/v7-m/nofp/crti.o
                0x000000000800244c                _init
 .init          0x0000000008002450        0x8 c:/new folder/stm32cubeide_1.10.1/stm32cubeide/plugins/com.st.stm32cube.ide.mcu.externaltools.gnu-tools-for-stm32.10.3-2021.10.win32_1.0.100.202210260954/tools/bin/../lib/gcc/arm-none-eabi/10.3.1/thumb/v7-m/nofp/crtn.o
 *(.fini)
 .fini          0x0000000008002458        0x4 c:/new folder/stm32cubeide_1.10.1/stm32cubeide/plugins/com.st.stm32cube.ide.mcu.externaltools.gnu-tools-for-stm32.10.3-2021.10.win32_1.0.100.202210260954/tools/bin/../lib/gcc/arm-none-eabi/10.3.1/thumb/v7-m/nofp/crti.o
                0x0000000008002458                _fini
 .fini          0x000000000800245c        0x8 c:/new folder/stm32cubeide_1.10.1/stm32cubeide/plugins/com.st.stm32cube.ide.mcu.externaltools.gnu-tools-for-stm32.10.3-2021.10.win32_1.0.100.202210260954/tools/bin/../lib/gcc/arm-none-eabi/10.3.1/thumb/v7-m/nofp/crtn.o
                0x0000000008002464                . = ALIGN (0x4)
                0x0000000008002464                _etext = .

.vfp11_veneer   0x0000000008002464        0x0
 .vfp11_veneer  0x0000000008002464        0x0 linker stubs

.v4_bx          0x0000000008002464        0x0
 .v4_bx         0x0000000008002464        0x0 linker stubs

.iplt           0x0000000008002464        0x0
 .iplt          0x0000000008002464        0x0 c:/new folder/stm32cubeide_1.10.1/stm32cubeide/plugins/com.st.stm32cube.ide.mcu.externaltools.gnu-tools-for-stm32.10.3-2021.10.win32_1.0.100.202210260954/tools/bin/../lib/gcc/arm-none-eabi/10.3.1/thumb/v7-m/nofp/crtbegin.o

.rodata         0x0000000008002464       0x6c
                0x0000000008002464                . = ALIGN (0x4)
 *(.rodata)
 .rodata        0x0000000008002464       0x10 ./Core/Src/liquidcrystal_i2c.o
 .rodata        0x0000000008002474       0x31 ./Core/Src/main.o
 *fill*         0x00000000080024a5        0x3 
 .rodata        0x00000000080024a8       0x10 ./Drivers/STM32F1xx_HAL_Driver/Src/stm32f1xx_hal_rcc.o
 *(.rodata*)
 .rodata.AHBPrescTable
                0x00000000080024b8       0x10 ./Core/Src/system_stm32f1xx.o
                0x00000000080024b8                AHBPrescTable
 .rodata.APBPrescTable
                0x00000000080024c8        0x8 ./Core/Src/system_stm32f1xx.o
                0x00000000080024c8                APBPrescTable
                0x00000000080024d0                . = ALIGN (0x4)

.rel.dyn        0x00000000080024d0        0x0
 .rel.iplt      0x00000000080024d0        0x0 c:/new folder/stm32cubeide_1.10.1/stm32cubeide/plugins/com.st.stm32cube.ide.mcu.externaltools.gnu-tools-for-stm32.10.3-2021.10.win32_1.0.100.202210260954/tools/bin/../lib/gcc/arm-none-eabi/10.3.1/thumb/v7-m/nofp/crtbegin.o

.ARM.extab      0x00000000080024d0        0x0
                0x00000000080024d0                . = ALIGN (0x4)
 *(.ARM.extab* .gnu.linkonce.armextab.*)
                0x00000000080024d0                . = ALIGN (0x4)

.ARM            0x00000000080024d0        0x0
                0x00000000080024d0                . = ALIGN (0x4)
                0x00000000080024d0                __exidx_start = .
 *(.ARM.exidx*)
                0x00000000080024d0                __exidx_end = .
                0x00000000080024d0                . = ALIGN (0x4)

.preinit_array  0x00000000080024d0        0x0
                0x00000000080024d0                . = ALIGN (0x4)
                0x00000000080024d0                PROVIDE (__preinit_array_start = .)
 *(.preinit_array*)
                0x00000000080024d0                PROVIDE (__preinit_array_end = .)
                0x00000000080024d0                . = ALIGN (0x4)

.init_array     0x00000000080024d0        0x4
                0x00000000080024d0                . = ALIGN (0x4)
                0x00000000080024d0                PROVIDE (__init_array_start = .)
 *(SORT_BY_NAME(.init_array.*))
 *(.init_array*)
 .init_array    0x00000000080024d0        0x4 c:/new folder/stm32cubeide_1.10.1/stm32cubeide/plugins/com.st.stm32cube.ide.mcu.externaltools.gnu-tools-for-stm32.10.3-2021.10.win32_1.0.100.202210260954/tools/bin/../lib/gcc/arm-none-eabi/10.3.1/thumb/v7-m/nofp/crtbegin.o
                0x00000000080024d4                PROVIDE (__init_array_end = .)
                0x00000000080024d4                . = ALIGN (0x4)

.fini_array     0x00000000080024d4        0x4
                0x00000000080024d4                . = ALIGN (0x4)
                [!provide]                        PROVIDE (__fini_array_start = .)
 *(SORT_BY_NAME(.fini_array.*))
 *(.fini_array*)
 .fini_array    0x00000000080024d4        0x4 c:/new folder/stm32cubeide_1.10.1/stm32cubeide/plugins/com.st.stm32cube.ide.mcu.externaltools.gnu-tools-for-stm32.10.3-2021.10.win32_1.0.100.202210260954/tools/bin/../lib/gcc/arm-none-eabi/10.3.1/thumb/v7-m/nofp/crtbegin.o
                [!provide]                        PROVIDE (__fini_array_end = .)
                0x00000000080024d8                . = ALIGN (0x4)
                0x00000000080024d8                _sidata = LOADADDR (.data)

.data           0x0000000020000000       0x28 load address 0x00000000080024d8
                0x0000000020000000                . = ALIGN (0x4)
                0x0000000020000000                _sdata = .
 *(.data)
 *(.data*)
 .data.special1
                0x0000000020000000        0x8 ./Core/Src/liquidcrystal_i2c.o
                0x0000000020000000                special1
 .data.special2
                0x0000000020000008        0x8 ./Core/Src/liquidcrystal_i2c.o
                0x0000000020000008                special2
 .data.temp_threshold
                0x0000000020000010        0x4 ./Core/Src/main.o
                0x0000000020000010                temp_threshold
 .data.humi_threshold
                0x0000000020000014        0x4 ./Core/Src/main.o
                0x0000000020000014                humi_threshold
 .data.press_threshold
                0x0000000020000018        0x4 ./Core/Src/main.o
                0x0000000020000018                press_threshold
 .data.SystemCoreClock
                0x000000002000001c        0x4 ./Core/Src/system_stm32f1xx.o
                0x000000002000001c                SystemCoreClock
 .data.uwTickPrio
                0x0000000020000020        0x4 ./Drivers/STM32F1xx_HAL_Driver/Src/stm32f1xx_hal.o
                0x0000000020000020                uwTickPrio
 .data.uwTickFreq
                0x0000000020000024        0x1 ./Drivers/STM32F1xx_HAL_Driver/Src/stm32f1xx_hal.o
                0x0000000020000024                uwTickFreq
 *(.RamFunc)
 *(.RamFunc*)
                0x0000000020000028                . = ALIGN (0x4)
 *fill*         0x0000000020000025        0x3 
                0x0000000020000028                _edata = .

.igot.plt       0x0000000020000028        0x0 load address 0x0000000008002500
 .igot.plt      0x0000000020000028        0x0 c:/new folder/stm32cubeide_1.10.1/stm32cubeide/plugins/com.st.stm32cube.ide.mcu.externaltools.gnu-tools-for-stm32.10.3-2021.10.win32_1.0.100.202210260954/tools/bin/../lib/gcc/arm-none-eabi/10.3.1/thumb/v7-m/nofp/crtbegin.o
                0x0000000020000028                . = ALIGN (0x4)

.bss            0x0000000020000028       0x94 load address 0x0000000008002500
                0x0000000020000028                _sbss = .
                0x0000000020000028                __bss_start__ = _sbss
 *(.bss)
 .bss           0x0000000020000028       0x1c c:/new folder/stm32cubeide_1.10.1/stm32cubeide/plugins/com.st.stm32cube.ide.mcu.externaltools.gnu-tools-for-stm32.10.3-2021.10.win32_1.0.100.202210260954/tools/bin/../lib/gcc/arm-none-eabi/10.3.1/thumb/v7-m/nofp/crtbegin.o
 *(.bss*)
 .bss.dpFunction
                0x0000000020000044        0x1 ./Core/Src/liquidcrystal_i2c.o
                0x0000000020000044                dpFunction
 .bss.dpControl
                0x0000000020000045        0x1 ./Core/Src/liquidcrystal_i2c.o
                0x0000000020000045                dpControl
 .bss.dpMode    0x0000000020000046        0x1 ./Core/Src/liquidcrystal_i2c.o
                0x0000000020000046                dpMode
 .bss.dpRows    0x0000000020000047        0x1 ./Core/Src/liquidcrystal_i2c.o
                0x0000000020000047                dpRows
 .bss.dpBacklight
                0x0000000020000048        0x1 ./Core/Src/liquidcrystal_i2c.o
                0x0000000020000048                dpBacklight
 *fill*         0x0000000020000049        0x3 
 .bss.hi2c1     0x000000002000004c       0x54 ./Core/Src/main.o
                0x000000002000004c                hi2c1
 .bss.count     0x00000000200000a0        0x4 ./Core/Src/main.o
                0x00000000200000a0                count
 .bss.time_elapsed
                0x00000000200000a4        0x4 ./Core/Src/main.o
                0x00000000200000a4                time_elapsed
 .bss.pos_button
                0x00000000200000a8        0x4 ./Core/Src/main.o
                0x00000000200000a8                pos_button
 .bss.neg_button
                0x00000000200000ac        0x4 ./Core/Src/main.o
                0x00000000200000ac                neg_button
 .bss.menu_button
                0x00000000200000b0        0x4 ./Core/Src/main.o
                0x00000000200000b0                menu_button
 .bss.Welcom_count
                0x00000000200000b4        0x4 ./Core/Src/main.o
                0x00000000200000b4                Welcom_count
 .bss.uwTick    0x00000000200000b8        0x4 ./Drivers/STM32F1xx_HAL_Driver/Src/stm32f1xx_hal.o
                0x00000000200000b8                uwTick
 *(COMMON)
                0x00000000200000bc                . = ALIGN (0x4)
                0x00000000200000bc                _ebss = .
                0x00000000200000bc                __bss_end__ = _ebss

._user_heap_stack
                0x00000000200000bc      0x604 load address 0x0000000008002500
                0x00000000200000c0                . = ALIGN (0x8)
 *fill*         0x00000000200000bc        0x4 
                [!provide]                        PROVIDE (end = .)
                0x00000000200000c0                PROVIDE (_end = .)
                0x00000000200002c0                . = (. + _Min_Heap_Size)
 *fill*         0x00000000200000c0      0x200 
                0x00000000200006c0                . = (. + _Min_Stack_Size)
 *fill*         0x00000000200002c0      0x400 
                0x00000000200006c0                . = ALIGN (0x8)

/DISCARD/
 libc.a(*)
 libm.a(*)
 libgcc.a(*)

.ARM.attributes
                0x0000000000000000       0x29
 *(.ARM.attributes)
 .ARM.attributes
                0x0000000000000000       0x1d c:/new folder/stm32cubeide_1.10.1/stm32cubeide/plugins/com.st.stm32cube.ide.mcu.externaltools.gnu-tools-for-stm32.10.3-2021.10.win32_1.0.100.202210260954/tools/bin/../lib/gcc/arm-none-eabi/10.3.1/thumb/v7-m/nofp/crti.o
 .ARM.attributes
                0x000000000000001d       0x2d c:/new folder/stm32cubeide_1.10.1/stm32cubeide/plugins/com.st.stm32cube.ide.mcu.externaltools.gnu-tools-for-stm32.10.3-2021.10.win32_1.0.100.202210260954/tools/bin/../lib/gcc/arm-none-eabi/10.3.1/thumb/v7-m/nofp/crtbegin.o
 .ARM.attributes
                0x000000000000004a       0x2d ./Core/Src/liquidcrystal_i2c.o
 .ARM.attributes
                0x0000000000000077       0x2d ./Core/Src/main.o
 .ARM.attributes
                0x00000000000000a4       0x2d ./Core/Src/stm32f1xx_hal_msp.o
 .ARM.attributes
                0x00000000000000d1       0x2d ./Core/Src/stm32f1xx_it.o
 .ARM.attributes
                0x00000000000000fe       0x2d ./Core/Src/system_stm32f1xx.o
 .ARM.attributes
                0x000000000000012b       0x21 ./Core/Startup/startup_stm32f103c8tx.o
 .ARM.attributes
                0x000000000000014c       0x2d ./Drivers/STM32F1xx_HAL_Driver/Src/stm32f1xx_hal.o
 .ARM.attributes
                0x0000000000000179       0x2d ./Drivers/STM32F1xx_HAL_Driver/Src/stm32f1xx_hal_cortex.o
 .ARM.attributes
                0x00000000000001a6       0x2d ./Drivers/STM32F1xx_HAL_Driver/Src/stm32f1xx_hal_gpio.o
 .ARM.attributes
                0x00000000000001d3       0x2d ./Drivers/STM32F1xx_HAL_Driver/Src/stm32f1xx_hal_i2c.o
 .ARM.attributes
                0x0000000000000200       0x2d ./Drivers/STM32F1xx_HAL_Driver/Src/stm32f1xx_hal_rcc.o
 .ARM.attributes
                0x000000000000022d       0x2d c:/new folder/stm32cubeide_1.10.1/stm32cubeide/plugins/com.st.stm32cube.ide.mcu.externaltools.gnu-tools-for-stm32.10.3-2021.10.win32_1.0.100.202210260954/tools/bin/../lib/gcc/arm-none-eabi/10.3.1/../../../../arm-none-eabi/lib/thumb/v7-m/nofp\libc_nano.a(lib_a-init.o)
 .ARM.attributes
                0x000000000000025a       0x2d c:/new folder/stm32cubeide_1.10.1/stm32cubeide/plugins/com.st.stm32cube.ide.mcu.externaltools.gnu-tools-for-stm32.10.3-2021.10.win32_1.0.100.202210260954/tools/bin/../lib/gcc/arm-none-eabi/10.3.1/../../../../arm-none-eabi/lib/thumb/v7-m/nofp\libc_nano.a(lib_a-memset.o)
 .ARM.attributes
                0x0000000000000287       0x1d c:/new folder/stm32cubeide_1.10.1/stm32cubeide/plugins/com.st.stm32cube.ide.mcu.externaltools.gnu-tools-for-stm32.10.3-2021.10.win32_1.0.100.202210260954/tools/bin/../lib/gcc/arm-none-eabi/10.3.1/thumb/v7-m/nofp\libgcc.a(_arm_addsubsf3.o)
 .ARM.attributes
                0x00000000000002a4       0x1d c:/new folder/stm32cubeide_1.10.1/stm32cubeide/plugins/com.st.stm32cube.ide.mcu.externaltools.gnu-tools-for-stm32.10.3-2021.10.win32_1.0.100.202210260954/tools/bin/../lib/gcc/arm-none-eabi/10.3.1/thumb/v7-m/nofp/crtn.o
OUTPUT(bluepill_3_button.elf elf32-littlearm)
LOAD linker stubs
LOAD c:/new folder/stm32cubeide_1.10.1/stm32cubeide/plugins/com.st.stm32cube.ide.mcu.externaltools.gnu-tools-for-stm32.10.3-2021.10.win32_1.0.100.202210260954/tools/bin/../lib/gcc/arm-none-eabi/10.3.1/../../../../arm-none-eabi/lib/thumb/v7-m/nofp\libc.a
LOAD c:/new folder/stm32cubeide_1.10.1/stm32cubeide/plugins/com.st.stm32cube.ide.mcu.externaltools.gnu-tools-for-stm32.10.3-2021.10.win32_1.0.100.202210260954/tools/bin/../lib/gcc/arm-none-eabi/10.3.1/../../../../arm-none-eabi/lib/thumb/v7-m/nofp\libm.a
LOAD c:/new folder/stm32cubeide_1.10.1/stm32cubeide/plugins/com.st.stm32cube.ide.mcu.externaltools.gnu-tools-for-stm32.10.3-2021.10.win32_1.0.100.202210260954/tools/bin/../lib/gcc/arm-none-eabi/10.3.1/thumb/v7-m/nofp\libgcc.a

.debug_info     0x0000000000000000     0x6d5d
 .debug_info    0x0000000000000000      0xb32 ./Core/Src/liquidcrystal_i2c.o
 .debug_info    0x0000000000000b32      0xd67 ./Core/Src/main.o
 .debug_info    0x0000000000001899      0x8b6 ./Core/Src/stm32f1xx_hal_msp.o
 .debug_info    0x000000000000214f      0x1b2 ./Core/Src/stm32f1xx_it.o
 .debug_info    0x0000000000002301      0x23d ./Core/Src/system_stm32f1xx.o
 .debug_info    0x000000000000253e       0x22 ./Core/Startup/startup_stm32f103c8tx.o
 .debug_info    0x0000000000002560      0x734 ./Drivers/STM32F1xx_HAL_Driver/Src/stm32f1xx_hal.o
 .debug_info    0x0000000000002c94      0xb20 ./Drivers/STM32F1xx_HAL_Driver/Src/stm32f1xx_hal_cortex.o
 .debug_info    0x00000000000037b4      0x615 ./Drivers/STM32F1xx_HAL_Driver/Src/stm32f1xx_hal_gpio.o
 .debug_info    0x0000000000003dc9     0x2734 ./Drivers/STM32F1xx_HAL_Driver/Src/stm32f1xx_hal_i2c.o
 .debug_info    0x00000000000064fd      0x860 ./Drivers/STM32F1xx_HAL_Driver/Src/stm32f1xx_hal_rcc.o

.debug_abbrev   0x0000000000000000     0x1428
 .debug_abbrev  0x0000000000000000      0x242 ./Core/Src/liquidcrystal_i2c.o
 .debug_abbrev  0x0000000000000242      0x280 ./Core/Src/main.o
 .debug_abbrev  0x00000000000004c2      0x194 ./Core/Src/stm32f1xx_hal_msp.o
 .debug_abbrev  0x0000000000000656       0xb2 ./Core/Src/stm32f1xx_it.o
 .debug_abbrev  0x0000000000000708      0x13b ./Core/Src/system_stm32f1xx.o
 .debug_abbrev  0x0000000000000843       0x12 ./Core/Startup/startup_stm32f103c8tx.o
 .debug_abbrev  0x0000000000000855      0x1fb ./Drivers/STM32F1xx_HAL_Driver/Src/stm32f1xx_hal.o
 .debug_abbrev  0x0000000000000a50      0x2ed ./Drivers/STM32F1xx_HAL_Driver/Src/stm32f1xx_hal_cortex.o
 .debug_abbrev  0x0000000000000d3d      0x1bb ./Drivers/STM32F1xx_HAL_Driver/Src/stm32f1xx_hal_gpio.o
 .debug_abbrev  0x0000000000000ef8      0x288 ./Drivers/STM32F1xx_HAL_Driver/Src/stm32f1xx_hal_i2c.o
 .debug_abbrev  0x0000000000001180      0x2a8 ./Drivers/STM32F1xx_HAL_Driver/Src/stm32f1xx_hal_rcc.o

.debug_aranges  0x0000000000000000      0x730
 .debug_aranges
                0x0000000000000000       0x90 ./Core/Src/liquidcrystal_i2c.o
 .debug_aranges
                0x0000000000000090       0x40 ./Core/Src/main.o
 .debug_aranges
                0x00000000000000d0       0x30 ./Core/Src/stm32f1xx_hal_msp.o
 .debug_aranges
                0x0000000000000100       0x78 ./Core/Src/stm32f1xx_it.o
 .debug_aranges
                0x0000000000000178       0x28 ./Core/Src/system_stm32f1xx.o
 .debug_aranges
                0x00000000000001a0       0x28 ./Core/Startup/startup_stm32f103c8tx.o
 .debug_aranges
                0x00000000000001c8       0xe0 ./Drivers/STM32F1xx_HAL_Driver/Src/stm32f1xx_hal.o
 .debug_aranges
                0x00000000000002a8      0x100 ./Drivers/STM32F1xx_HAL_Driver/Src/stm32f1xx_hal_cortex.o
 .debug_aranges
                0x00000000000003a8       0x58 ./Drivers/STM32F1xx_HAL_Driver/Src/stm32f1xx_hal_gpio.o
 .debug_aranges
                0x0000000000000400      0x2a0 ./Drivers/STM32F1xx_HAL_Driver/Src/stm32f1xx_hal_i2c.o
 .debug_aranges
                0x00000000000006a0       0x90 ./Drivers/STM32F1xx_HAL_Driver/Src/stm32f1xx_hal_rcc.o

.debug_ranges   0x0000000000000000      0x6b0
 .debug_ranges  0x0000000000000000       0x80 ./Core/Src/liquidcrystal_i2c.o
 .debug_ranges  0x0000000000000080       0x30 ./Core/Src/main.o
 .debug_ranges  0x00000000000000b0       0x20 ./Core/Src/stm32f1xx_hal_msp.o
 .debug_ranges  0x00000000000000d0       0x68 ./Core/Src/stm32f1xx_it.o
 .debug_ranges  0x0000000000000138       0x18 ./Core/Src/system_stm32f1xx.o
 .debug_ranges  0x0000000000000150       0x20 ./Core/Startup/startup_stm32f103c8tx.o
 .debug_ranges  0x0000000000000170       0xd0 ./Drivers/STM32F1xx_HAL_Driver/Src/stm32f1xx_hal.o
 .debug_ranges  0x0000000000000240       0xf0 ./Drivers/STM32F1xx_HAL_Driver/Src/stm32f1xx_hal_cortex.o
 .debug_ranges  0x0000000000000330       0x48 ./Drivers/STM32F1xx_HAL_Driver/Src/stm32f1xx_hal_gpio.o
 .debug_ranges  0x0000000000000378      0x2b8 ./Drivers/STM32F1xx_HAL_Driver/Src/stm32f1xx_hal_i2c.o
 .debug_ranges  0x0000000000000630       0x80 ./Drivers/STM32F1xx_HAL_Driver/Src/stm32f1xx_hal_rcc.o

.debug_macro    0x0000000000000000    0x16bd2
 .debug_macro   0x0000000000000000      0x2fc ./Core/Src/liquidcrystal_i2c.o
 .debug_macro   0x00000000000002fc      0xa6c ./Core/Src/liquidcrystal_i2c.o
 .debug_macro   0x0000000000000d68      0x215 ./Core/Src/liquidcrystal_i2c.o
 .debug_macro   0x0000000000000f7d       0x2e ./Core/Src/liquidcrystal_i2c.o
 .debug_macro   0x0000000000000fab       0x22 ./Core/Src/liquidcrystal_i2c.o
 .debug_macro   0x0000000000000fcd       0x22 ./Core/Src/liquidcrystal_i2c.o
 .debug_macro   0x0000000000000fef       0x8e ./Core/Src/liquidcrystal_i2c.o
 .debug_macro   0x000000000000107d       0x51 ./Core/Src/liquidcrystal_i2c.o
 .debug_macro   0x00000000000010ce      0x103 ./Core/Src/liquidcrystal_i2c.o
 .debug_macro   0x00000000000011d1       0x6a ./Core/Src/liquidcrystal_i2c.o
 .debug_macro   0x000000000000123b      0x1df ./Core/Src/liquidcrystal_i2c.o
 .debug_macro   0x000000000000141a       0x1c ./Core/Src/liquidcrystal_i2c.o
 .debug_macro   0x0000000000001436       0x22 ./Core/Src/liquidcrystal_i2c.o
 .debug_macro   0x0000000000001458       0xbd ./Core/Src/liquidcrystal_i2c.o
 .debug_macro   0x0000000000001515      0xd23 ./Core/Src/liquidcrystal_i2c.o
 .debug_macro   0x0000000000002238     0xe09e ./Core/Src/liquidcrystal_i2c.o
 .debug_macro   0x00000000000102d6       0x6d ./Core/Src/liquidcrystal_i2c.o
 .debug_macro   0x0000000000010343     0x3468 ./Core/Src/liquidcrystal_i2c.o
 .debug_macro   0x00000000000137ab      0x174 ./Core/Src/liquidcrystal_i2c.o
 .debug_macro   0x000000000001391f       0x5c ./Core/Src/liquidcrystal_i2c.o
 .debug_macro   0x000000000001397b      0x5be ./Core/Src/liquidcrystal_i2c.o
 .debug_macro   0x0000000000013f39      0x289 ./Core/Src/liquidcrystal_i2c.o
 .debug_macro   0x00000000000141c2      0x1cb ./Core/Src/liquidcrystal_i2c.o
 .debug_macro   0x000000000001438d      0x114 ./Core/Src/liquidcrystal_i2c.o
 .debug_macro   0x00000000000144a1      0x1b2 ./Core/Src/liquidcrystal_i2c.o
 .debug_macro   0x0000000000014653       0x27 ./Core/Src/liquidcrystal_i2c.o
 .debug_macro   0x000000000001467a      0x136 ./Core/Src/liquidcrystal_i2c.o
 .debug_macro   0x00000000000147b0      0x1bc ./Core/Src/liquidcrystal_i2c.o
 .debug_macro   0x000000000001496c       0x34 ./Core/Src/liquidcrystal_i2c.o
 .debug_macro   0x00000000000149a0       0x3c ./Core/Src/liquidcrystal_i2c.o
 .debug_macro   0x00000000000149dc       0x57 ./Core/Src/liquidcrystal_i2c.o
 .debug_macro   0x0000000000014a33       0x88 ./Core/Src/liquidcrystal_i2c.o
 .debug_macro   0x0000000000014abb      0x241 ./Core/Src/liquidcrystal_i2c.o
 .debug_macro   0x0000000000014cfc      0x287 ./Core/Src/liquidcrystal_i2c.o
 .debug_macro   0x0000000000014f83      0x141 ./Core/Src/liquidcrystal_i2c.o
 .debug_macro   0x00000000000150c4       0x83 ./Core/Src/liquidcrystal_i2c.o
 .debug_macro   0x0000000000015147       0xd0 ./Core/Src/liquidcrystal_i2c.o
 .debug_macro   0x0000000000015217       0x52 ./Core/Src/liquidcrystal_i2c.o
 .debug_macro   0x0000000000015269       0x18 ./Core/Src/liquidcrystal_i2c.o
 .debug_macro   0x0000000000015281       0x3c ./Core/Src/liquidcrystal_i2c.o
 .debug_macro   0x00000000000152bd       0x34 ./Core/Src/liquidcrystal_i2c.o
 .debug_macro   0x00000000000152f1       0x16 ./Core/Src/liquidcrystal_i2c.o
 .debug_macro   0x0000000000015307       0x35 ./Core/Src/liquidcrystal_i2c.o
 .debug_macro   0x000000000001533c      0x341 ./Core/Src/liquidcrystal_i2c.o
 .debug_macro   0x000000000001567d       0x10 ./Core/Src/liquidcrystal_i2c.o
 .debug_macro   0x000000000001568d       0x16 ./Core/Src/liquidcrystal_i2c.o
 .debug_macro   0x00000000000156a3       0x43 ./Core/Src/liquidcrystal_i2c.o
 .debug_macro   0x00000000000156e6       0x34 ./Core/Src/liquidcrystal_i2c.o
 .debug_macro   0x000000000001571a       0x10 ./Core/Src/liquidcrystal_i2c.o
 .debug_macro   0x000000000001572a       0x58 ./Core/Src/liquidcrystal_i2c.o
 .debug_macro   0x0000000000015782       0x71 ./Core/Src/liquidcrystal_i2c.o
 .debug_macro   0x00000000000157f3       0x1c ./Core/Src/liquidcrystal_i2c.o
 .debug_macro   0x000000000001580f      0x12a ./Core/Src/liquidcrystal_i2c.o
 .debug_macro   0x0000000000015939       0x10 ./Core/Src/liquidcrystal_i2c.o
 .debug_macro   0x0000000000015949       0x1c ./Core/Src/liquidcrystal_i2c.o
 .debug_macro   0x0000000000015965       0x52 ./Core/Src/liquidcrystal_i2c.o
 .debug_macro   0x00000000000159b7       0x22 ./Core/Src/liquidcrystal_i2c.o
 .debug_macro   0x00000000000159d9       0x10 ./Core/Src/liquidcrystal_i2c.o
 .debug_macro   0x00000000000159e9       0x52 ./Core/Src/liquidcrystal_i2c.o
 .debug_macro   0x0000000000015a3b       0xd5 ./Core/Src/liquidcrystal_i2c.o
 .debug_macro   0x0000000000015b10       0x1c ./Core/Src/liquidcrystal_i2c.o
 .debug_macro   0x0000000000015b2c       0x3d ./Core/Src/liquidcrystal_i2c.o
 .debug_macro   0x0000000000015b69       0x16 ./Core/Src/liquidcrystal_i2c.o
 .debug_macro   0x0000000000015b7f      0x145 ./Core/Src/liquidcrystal_i2c.o
 .debug_macro   0x0000000000015cc4      0x198 ./Core/Src/main.o
 .debug_macro   0x0000000000015e5c      0x198 ./Core/Src/stm32f1xx_hal_msp.o
 .debug_macro   0x0000000000015ff4      0x1a2 ./Core/Src/stm32f1xx_it.o
 .debug_macro   0x0000000000016196      0x18e ./Core/Src/system_stm32f1xx.o
 .debug_macro   0x0000000000016324      0x1b2 ./Drivers/STM32F1xx_HAL_Driver/Src/stm32f1xx_hal.o
 .debug_macro   0x00000000000164d6      0x18e ./Drivers/STM32F1xx_HAL_Driver/Src/stm32f1xx_hal_cortex.o
 .debug_macro   0x0000000000016664      0x1f9 ./Drivers/STM32F1xx_HAL_Driver/Src/stm32f1xx_hal_gpio.o
 .debug_macro   0x000000000001685d      0x1d5 ./Drivers/STM32F1xx_HAL_Driver/Src/stm32f1xx_hal_i2c.o
 .debug_macro   0x0000000000016a32      0x1a0 ./Drivers/STM32F1xx_HAL_Driver/Src/stm32f1xx_hal_rcc.o

.debug_line     0x0000000000000000     0x8d16
 .debug_line    0x0000000000000000      0xa8a ./Core/Src/liquidcrystal_i2c.o
 .debug_line    0x0000000000000a8a      0x7f1 ./Core/Src/main.o
 .debug_line    0x000000000000127b      0x6b2 ./Core/Src/stm32f1xx_hal_msp.o
 .debug_line    0x000000000000192d      0x7a6 ./Core/Src/stm32f1xx_it.o
 .debug_line    0x00000000000020d3      0x6e6 ./Core/Src/system_stm32f1xx.o
 .debug_line    0x00000000000027b9       0x87 ./Core/Startup/startup_stm32f103c8tx.o
 .debug_line    0x0000000000002840      0x913 ./Drivers/STM32F1xx_HAL_Driver/Src/stm32f1xx_hal.o
 .debug_line    0x0000000000003153      0xafb ./Drivers/STM32F1xx_HAL_Driver/Src/stm32f1xx_hal_cortex.o
 .debug_line    0x0000000000003c4e      0x9aa ./Drivers/STM32F1xx_HAL_Driver/Src/stm32f1xx_hal_gpio.o
 .debug_line    0x00000000000045f8     0x39fd ./Drivers/STM32F1xx_HAL_Driver/Src/stm32f1xx_hal_i2c.o
 .debug_line    0x0000000000007ff5      0xd21 ./Drivers/STM32F1xx_HAL_Driver/Src/stm32f1xx_hal_rcc.o

.debug_str      0x0000000000000000    0x8245d
 .debug_str     0x0000000000000000    0x80631 ./Core/Src/liquidcrystal_i2c.o
                                      0x80a0d (size before relaxing)
 .debug_str     0x0000000000080631      0x54e ./Core/Src/main.o
                                      0x7cda1 (size before relaxing)
 .debug_str     0x0000000000080b7f       0x87 ./Core/Src/stm32f1xx_hal_msp.o
                                      0x7c88c (size before relaxing)
 .debug_str     0x0000000000080c06      0x115 ./Core/Src/stm32f1xx_it.o
                                      0x7c425 (size before relaxing)
 .debug_str     0x0000000000080d1b       0x6e ./Core/Src/system_stm32f1xx.o
                                      0x7c3b3 (size before relaxing)
 .debug_str     0x0000000000080d89       0x36 ./Core/Startup/startup_stm32f103c8tx.o
                                         0x7a (size before relaxing)
 .debug_str     0x0000000000080dbf      0x37f ./Drivers/STM32F1xx_HAL_Driver/Src/stm32f1xx_hal.o
                                      0x7cae6 (size before relaxing)
 .debug_str     0x000000000008113e      0x29e ./Drivers/STM32F1xx_HAL_Driver/Src/stm32f1xx_hal_cortex.o
                                      0x7ca32 (size before relaxing)
 .debug_str     0x00000000000813dc      0x309 ./Drivers/STM32F1xx_HAL_Driver/Src/stm32f1xx_hal_gpio.o
                                      0x7c739 (size before relaxing)
 .debug_str     0x00000000000816e5      0xb6f ./Drivers/STM32F1xx_HAL_Driver/Src/stm32f1xx_hal_i2c.o
                                      0x7d427 (size before relaxing)
 .debug_str     0x0000000000082254      0x209 ./Drivers/STM32F1xx_HAL_Driver/Src/stm32f1xx_hal_rcc.o
                                      0x7c7e2 (size before relaxing)

.comment        0x0000000000000000       0x50
 .comment       0x0000000000000000       0x50 ./Core/Src/liquidcrystal_i2c.o
                                         0x51 (size before relaxing)
 .comment       0x0000000000000050       0x51 ./Core/Src/main.o
 .comment       0x0000000000000050       0x51 ./Core/Src/stm32f1xx_hal_msp.o
 .comment       0x0000000000000050       0x51 ./Core/Src/stm32f1xx_it.o
 .comment       0x0000000000000050       0x51 ./Core/Src/system_stm32f1xx.o
 .comment       0x0000000000000050       0x51 ./Drivers/STM32F1xx_HAL_Driver/Src/stm32f1xx_hal.o
 .comment       0x0000000000000050       0x51 ./Drivers/STM32F1xx_HAL_Driver/Src/stm32f1xx_hal_cortex.o
 .comment       0x0000000000000050       0x51 ./Drivers/STM32F1xx_HAL_Driver/Src/stm32f1xx_hal_gpio.o
 .comment       0x0000000000000050       0x51 ./Drivers/STM32F1xx_HAL_Driver/Src/stm32f1xx_hal_i2c.o
 .comment       0x0000000000000050       0x51 ./Drivers/STM32F1xx_HAL_Driver/Src/stm32f1xx_hal_rcc.o

.debug_frame    0x0000000000000000     0x1ca8
 .debug_frame   0x0000000000000000      0x218 ./Core/Src/liquidcrystal_i2c.o
 .debug_frame   0x0000000000000218       0xa8 ./Core/Src/main.o
 .debug_frame   0x00000000000002c0       0x80 ./Core/Src/stm32f1xx_hal_msp.o
 .debug_frame   0x0000000000000340      0x158 ./Core/Src/stm32f1xx_it.o
 .debug_frame   0x0000000000000498       0x58 ./Core/Src/system_stm32f1xx.o
 .debug_frame   0x00000000000004f0      0x334 ./Drivers/STM32F1xx_HAL_Driver/Src/stm32f1xx_hal.o
 .debug_frame   0x0000000000000824      0x428 ./Drivers/STM32F1xx_HAL_Driver/Src/stm32f1xx_hal_cortex.o
 .debug_frame   0x0000000000000c4c      0x14c ./Drivers/STM32F1xx_HAL_Driver/Src/stm32f1xx_hal_gpio.o
 .debug_frame   0x0000000000000d98      0xc5c ./Drivers/STM32F1xx_HAL_Driver/Src/stm32f1xx_hal_i2c.o
 .debug_frame   0x00000000000019f4      0x21c ./Drivers/STM32F1xx_HAL_Driver/Src/stm32f1xx_hal_rcc.o
 .debug_frame   0x0000000000001c10       0x2c c:/new folder/stm32cubeide_1.10.1/stm32cubeide/plugins/com.st.stm32cube.ide.mcu.externaltools.gnu-tools-for-stm32.10.3-2021.10.win32_1.0.100.202210260954/tools/bin/../lib/gcc/arm-none-eabi/10.3.1/../../../../arm-none-eabi/lib/thumb/v7-m/nofp\libc_nano.a(lib_a-init.o)
 .debug_frame   0x0000000000001c3c       0x20 c:/new folder/stm32cubeide_1.10.1/stm32cubeide/plugins/com.st.stm32cube.ide.mcu.externaltools.gnu-tools-for-stm32.10.3-2021.10.win32_1.0.100.202210260954/tools/bin/../lib/gcc/arm-none-eabi/10.3.1/../../../../arm-none-eabi/lib/thumb/v7-m/nofp\libc_nano.a(lib_a-memset.o)
 .debug_frame   0x0000000000001c5c       0x4c c:/new folder/stm32cubeide_1.10.1/stm32cubeide/plugins/com.st.stm32cube.ide.mcu.externaltools.gnu-tools-for-stm32.10.3-2021.10.win32_1.0.100.202210260954/tools/bin/../lib/gcc/arm-none-eabi/10.3.1/thumb/v7-m/nofp\libgcc.a(_arm_addsubsf3.o)
